Archive member included to satisfy reference by file (symbol)

C:/MaximSDK/Libraries/PeriphDrivers/bin/MAX78000/spi-v1_softfp/libPeriphDriver_spi-v1_softfp.a(mxc_delay.o)
                              c:/MaximSDK/Examples/MAX78000/CNN/orange-banana_gen/build/main.o (MXC_Delay)
C:/MaximSDK/Libraries/PeriphDrivers/bin/MAX78000/spi-v1_softfp/libPeriphDriver_spi-v1_softfp.a(nvic_table.o)
                              c:/MaximSDK/Examples/MAX78000/CNN/orange-banana_gen/build/cnn.o (MXC_NVIC_SetVector)
C:/MaximSDK/Libraries/PeriphDrivers/bin/MAX78000/spi-v1_softfp/libPeriphDriver_spi-v1_softfp.a(pins_ai85.o)
                              c:/MaximSDK/Examples/MAX78000/CNN/orange-banana_gen/build/camera.o (gpio_cfg_pcif_xclk)
C:/MaximSDK/Libraries/PeriphDrivers/bin/MAX78000/spi-v1_softfp/libPeriphDriver_spi-v1_softfp.a(sys_ai85.o)
                              c:/MaximSDK/Examples/MAX78000/CNN/orange-banana_gen/build/cnn.o (MXC_SYS_ClockDisable)
C:/MaximSDK/Libraries/PeriphDrivers/bin/MAX78000/spi-v1_softfp/libPeriphDriver_spi-v1_softfp.a(aes_me17.o)
                              C:/MaximSDK/Libraries/PeriphDrivers/bin/MAX78000/spi-v1_softfp/libPeriphDriver_spi-v1_softfp.a(sys_ai85.o) (MXC_AES_Init)
C:/MaximSDK/Libraries/PeriphDrivers/bin/MAX78000/spi-v1_softfp/libPeriphDriver_spi-v1_softfp.a(aes_revb.o)
                              C:/MaximSDK/Libraries/PeriphDrivers/bin/MAX78000/spi-v1_softfp/libPeriphDriver_spi-v1_softfp.a(aes_me17.o) (MXC_AES_RevB_Init)
C:/MaximSDK/Libraries/PeriphDrivers/bin/MAX78000/spi-v1_softfp/libPeriphDriver_spi-v1_softfp.a(cameraif_ai85.o)
                              c:/MaximSDK/Examples/MAX78000/CNN/orange-banana_gen/build/camera.o (MXC_PCIF_Init)
C:/MaximSDK/Libraries/PeriphDrivers/bin/MAX78000/spi-v1_softfp/libPeriphDriver_spi-v1_softfp.a(cameraif_reva.o)
                              C:/MaximSDK/Libraries/PeriphDrivers/bin/MAX78000/spi-v1_softfp/libPeriphDriver_spi-v1_softfp.a(cameraif_ai85.o) (MXC_PCIF_RevA_SetDatawidth)
C:/MaximSDK/Libraries/PeriphDrivers/bin/MAX78000/spi-v1_softfp/libPeriphDriver_spi-v1_softfp.a(dma_me17.o)
                              c:/MaximSDK/Examples/MAX78000/CNN/orange-banana_gen/build/main.o (MXC_DMA_Init)
C:/MaximSDK/Libraries/PeriphDrivers/bin/MAX78000/spi-v1_softfp/libPeriphDriver_spi-v1_softfp.a(dma_reva.o)
                              C:/MaximSDK/Libraries/PeriphDrivers/bin/MAX78000/spi-v1_softfp/libPeriphDriver_spi-v1_softfp.a(dma_me17.o) (MXC_DMA_RevA_Init)
C:/MaximSDK/Libraries/PeriphDrivers/bin/MAX78000/spi-v1_softfp/libPeriphDriver_spi-v1_softfp.a(flc_me17.o)
                              C:/MaximSDK/Libraries/PeriphDrivers/bin/MAX78000/spi-v1_softfp/libPeriphDriver_spi-v1_softfp.a(sys_ai85.o) (MXC_FLC_UnlockInfoBlock)
C:/MaximSDK/Libraries/PeriphDrivers/bin/MAX78000/spi-v1_softfp/libPeriphDriver_spi-v1_softfp.a(flc_reva.o)
                              C:/MaximSDK/Libraries/PeriphDrivers/bin/MAX78000/spi-v1_softfp/libPeriphDriver_spi-v1_softfp.a(flc_me17.o) (MXC_FLC_RevA_Busy)
C:/MaximSDK/Libraries/PeriphDrivers/bin/MAX78000/spi-v1_softfp/libPeriphDriver_spi-v1_softfp.a(gpio_ai85.o)
                              c:/MaximSDK/Examples/MAX78000/CNN/orange-banana_gen/build/cnn.o (MXC_GPIO_Config)
C:/MaximSDK/Libraries/PeriphDrivers/bin/MAX78000/spi-v1_softfp/libPeriphDriver_spi-v1_softfp.a(gpio_reva.o)
                              C:/MaximSDK/Libraries/PeriphDrivers/bin/MAX78000/spi-v1_softfp/libPeriphDriver_spi-v1_softfp.a(gpio_ai85.o) (MXC_GPIO_RevA_InGet)
C:/MaximSDK/Libraries/PeriphDrivers/bin/MAX78000/spi-v1_softfp/libPeriphDriver_spi-v1_softfp.a(icc_me17.o)
                              c:/MaximSDK/Examples/MAX78000/CNN/orange-banana_gen/build/main.o (MXC_ICC_Enable)
C:/MaximSDK/Libraries/PeriphDrivers/bin/MAX78000/spi-v1_softfp/libPeriphDriver_spi-v1_softfp.a(icc_reva.o)
                              C:/MaximSDK/Libraries/PeriphDrivers/bin/MAX78000/spi-v1_softfp/libPeriphDriver_spi-v1_softfp.a(icc_me17.o) (MXC_ICC_RevA_ID)
C:/MaximSDK/Libraries/PeriphDrivers/bin/MAX78000/spi-v1_softfp/libPeriphDriver_spi-v1_softfp.a(pt_ai85.o)
                              c:/MaximSDK/Examples/MAX78000/CNN/orange-banana_gen/build/camera.o (MXC_PT_Init)
C:/MaximSDK/Libraries/PeriphDrivers/bin/MAX78000/spi-v1_softfp/libPeriphDriver_spi-v1_softfp.a(pt_reva.o)
                              C:/MaximSDK/Libraries/PeriphDrivers/bin/MAX78000/spi-v1_softfp/libPeriphDriver_spi-v1_softfp.a(pt_ai85.o) (MXC_PT_RevA_Init)
C:/MaximSDK/Libraries/PeriphDrivers/bin/MAX78000/spi-v1_softfp/libPeriphDriver_spi-v1_softfp.a(spi_me17.o)
                              c:/MaximSDK/Examples/MAX78000/CNN/orange-banana_gen/build/board.o (MXC_SPI_Init)
C:/MaximSDK/Libraries/PeriphDrivers/bin/MAX78000/spi-v1_softfp/libPeriphDriver_spi-v1_softfp.a(spi_reva1.o)
                              C:/MaximSDK/Libraries/PeriphDrivers/bin/MAX78000/spi-v1_softfp/libPeriphDriver_spi-v1_softfp.a(spi_me17.o) (MXC_SPI_RevA1_Init)
[...]
Memory Configuration

Name             Origin             Length             Attributes
ROM              0x00000000         0x00010000         xr
FLASH            0x10000000         0x00080000         xr
SRAM             0x20000000         0x00020000         xrw
*default*        0x00000000         0xffffffff

Linker script and memory map

LOAD c:/maximsdk/tools/gnutools/10.3/bin/../lib/gcc/arm-none-eabi/10.3.1/thumb/v7e-m+fp/softfp/crti.o
LOAD c:/maximsdk/tools/gnutools/10.3/bin/../lib/gcc/arm-none-eabi/10.3.1/thumb/v7e-m+fp/softfp/crtbegin.o
LOAD c:/maximsdk/tools/gnutools/10.3/bin/../lib/gcc/arm-none-eabi/10.3.1/../../../../arm-none-eabi/lib/thumb/v7e-m+fp/softfp/crt0.o
LOAD c:/MaximSDK/Examples/MAX78000/CNN/orange-banana_gen/build/cnn.o
LOAD c:/MaximSDK/Examples/MAX78000/CNN/orange-banana_gen/build/main.o
LOAD c:/MaximSDK/Examples/MAX78000/CNN/orange-banana_gen/build/softmax.o
LOAD c:/MaximSDK/Examples/MAX78000/CNN/orange-banana_gen/build/board.o
LOAD c:/MaximSDK/Examples/MAX78000/CNN/orange-banana_gen/build/stdio.o
LOAD c:/MaximSDK/Examples/MAX78000/CNN/orange-banana_gen/build/led.o
LOAD c:/MaximSDK/Examples/MAX78000/CNN/orange-banana_gen/build/pb.o
LOAD c:/MaximSDK/Examples/MAX78000/CNN/orange-banana_gen/build/tft_ssd2119.o
LOAD c:/MaximSDK/Examples/MAX78000/CNN/orange-banana_gen/build/tsc2046.o
LOAD c:/MaximSDK/Examples/MAX78000/CNN/orange-banana_gen/build/camera.o
LOAD c:/MaximSDK/Examples/MAX78000/CNN/orange-banana_gen/build/ov7692.o
LOAD c:/MaximSDK/Examples/MAX78000/CNN/orange-banana_gen/build/sccb.o
LOAD c:/MaximSDK/Examples/MAX78000/CNN/orange-banana_gen/build/startup_max78000.o
LOAD c:/MaximSDK/Examples/MAX78000/CNN/orange-banana_gen/build/heap.o
LOAD c:/MaximSDK/Examples/MAX78000/CNN/orange-banana_gen/build/system_max78000.o
START GROUP
LOAD C:/MaximSDK/Libraries/PeriphDrivers/bin/MAX78000/spi-v1_softfp/libPeriphDriver_spi-v1_softfp.a
LOAD c:/maximsdk/tools/gnutools/10.3/bin/../lib/gcc/arm-none-eabi/10.3.1/../../../../arm-none-eabi/lib/thumb/v7e-m+fp/softfp\libc.a
LOAD c:/maximsdk/tools/gnutools/10.3/bin/../lib/gcc/arm-none-eabi/10.3.1/../../../../arm-none-eabi/lib/thumb/v7e-m+fp/softfp\libm.a
LOAD c:/maximsdk/tools/gnutools/10.3/bin/../lib/gcc/arm-none-eabi/10.3.1/../../../../arm-none-eabi/lib/thumb/v7e-m+fp/softfp\libnosys.a
END GROUP
START GROUP
LOAD c:/maximsdk/tools/gnutools/10.3/bin/../lib/gcc/arm-none-eabi/10.3.1/thumb/v7e-m+fp/softfp\libgcc.a
LOAD c:/maximsdk/tools/gnutools/10.3/bin/../lib/gcc/arm-none-eabi/10.3.1/../../../../arm-none-eabi/lib/thumb/v7e-m+fp/softfp\libc.a
END GROUP
LOAD c:/maximsdk/tools/gnutools/10.3/bin/../lib/gcc/arm-none-eabi/10.3.1/thumb/v7e-m+fp/softfp/crtend.o
LOAD c:/maximsdk/tools/gnutools/10.3/bin/../lib/gcc/arm-none-eabi/10.3.1/thumb/v7e-m+fp/softfp/crtn.o

.rom
 *(.rom_vector)
 *(.rom_handlers*)

.text           0x10000000    0x1c2c0
                0x10000000                _text = .
 *(.isr_vector)
 .isr_vector    0x10000000      0x1e0 c:/MaximSDK/Examples/MAX78000/CNN/orange-banana_gen/build/startup_max78000.o
                0x10000000                __isr_vector
 EXCLUDE_FILE(*riscv.o) *(.text*)
 .text          0x100001e0       0x40 c:/maximsdk/tools/gnutools/10.3/bin/../lib/gcc/arm-none-eabi/10.3.1/thumb/v7e-m+fp/softfp/crtbegin.o
 .text.CNN_ISR  0x10000220       0x50 c:/MaximSDK/Examples/MAX78000/CNN/orange-banana_gen/build/cnn.o
                0x10000220                CNN_ISR
 .text.cnn_load_weights
                0x10000270       0x4c c:/MaximSDK/Examples/MAX78000/CNN/orange-banana_gen/build/cnn.o
                0x10000270                cnn_load_weights
 .text.cnn_load_bias
                0x100002bc       0x14 c:/MaximSDK/Examples/MAX78000/CNN/orange-banana_gen/build/cnn.o
                0x100002bc                cnn_load_bias
 .text.cnn_init
                0x100002d0       0x54 c:/MaximSDK/Examples/MAX78000/CNN/orange-banana_gen/build/cnn.o
                0x100002d0                cnn_init
 .text.cnn_configure
                0x10000324      0x7b0 c:/MaximSDK/Examples/MAX78000/CNN/orange-banana_gen/build/cnn.o
                0x10000324                cnn_configure
 .text.cnn_start
                0x10000ad4       0x50 c:/MaximSDK/Examples/MAX78000/CNN/orange-banana_gen/build/cnn.o
                0x10000ad4                cnn_start
 .text.cnn_unload
                0x10000b24       0x14 c:/MaximSDK/Examples/MAX78000/CNN/orange-banana_gen/build/cnn.o
                0x10000b24                cnn_unload
 .text.cnn_enable
                0x10000b38       0x3c c:/MaximSDK/Examples/MAX78000/CNN/orange-banana_gen/build/cnn.o
                0x10000b38                cnn_enable
 .text.asciiart
                0x10000b74       0xbc c:/MaximSDK/Examples/MAX78000/CNN/orange-banana_gen/build/main.o
                0x10000b74                asciiart
 .text.capture_process_camera
                0x10000c30       0xe4 c:/MaximSDK/Examples/MAX78000/CNN/orange-banana_gen/build/main.o
                0x10000c30                capture_process_camera
 .text.startup.main
                0x10000d14      0x1ec c:/MaximSDK/Examples/MAX78000/CNN/orange-banana_gen/build/main.o
                0x10000d14                main
 .text.softmax_q17p14_q15
                0x10000f00       0xa8 c:/MaximSDK/Examples/MAX78000/CNN/orange-banana_gen/build/softmax.o
                0x10000f00                softmax_q17p14_q15
 .text.mxc_assert
                0x10000fa8       0x10 c:/MaximSDK/Examples/MAX78000/CNN/orange-banana_gen/build/board.o
                0x10000fa8                mxc_assert
 .text.GPIO2_IRQHandler
                0x10000fb8        0x8 c:/MaximSDK/Examples/MAX78000/CNN/orange-banana_gen/build/board.o
                0x10000fb8                GPIO2_IRQHandler
 .text.GPIO0_IRQHandler
                0x10000fc0        0x8 c:/MaximSDK/Examples/MAX78000/CNN/orange-banana_gen/build/board.o
                0x10000fc0                GPIO0_IRQHandler
 .text.Board_Init
                0x10000fc8       0xec c:/MaximSDK/Examples/MAX78000/CNN/orange-banana_gen/build/board.o
                0x10000fc8                Board_Init
 .text.NMI_Handler
                0x100010b4        0x4 c:/MaximSDK/Examples/MAX78000/CNN/orange-banana_gen/build/board.o
                0x100010b4                NMI_Handler
 .text.Camera_Power
                0x100010b8        0x8 c:/MaximSDK/Examples/MAX78000/CNN/orange-banana_gen/build/board.o
                0x100010b8                Camera_Power
 .text._close   0x100010c0        0x8 c:/MaximSDK/Examples/MAX78000/CNN/orange-banana_gen/build/stdio.o
                0x100010c0                _close
 .text._isatty  0x100010c8        0x8 c:/MaximSDK/Examples/MAX78000/CNN/orange-banana_gen/build/stdio.o
                0x100010c8                _isatty
 .text._lseek   0x100010d0        0x8 c:/MaximSDK/Examples/MAX78000/CNN/orange-banana_gen/build/stdio.o
                0x100010d0                _lseek
 .text._fstat   0x100010d8        0x8 c:/MaximSDK/Examples/MAX78000/CNN/orange-banana_gen/build/stdio.o
                0x100010d8                _fstat
 .text._read    0x100010e0       0x50 c:/MaximSDK/Examples/MAX78000/CNN/orange-banana_gen/build/stdio.o
                0x100010e0                _read
 .text._write   0x10001130       0x54 c:/MaximSDK/Examples/MAX78000/CNN/orange-banana_gen/build/stdio.o
                0x10001130                _write
 .text.LED_Init
                0x10001184       0x40 c:/MaximSDK/Examples/MAX78000/CNN/orange-banana_gen/build/led.o
                0x10001184                LED_Init
 .text.LED_On   0x100011c4       0x40 c:/MaximSDK/Examples/MAX78000/CNN/orange-banana_gen/build/led.o
                0x100011c4                LED_On
 .text.LED_Off  0x10001204       0x40 c:/MaximSDK/Examples/MAX78000/CNN/orange-banana_gen/build/led.o
                0x10001204                LED_Off
 .text.PB_Init  0x10001244       0x68 c:/MaximSDK/Examples/MAX78000/CNN/orange-banana_gen/build/pb.o
                0x10001244                PB_Init
 .text.PB_Get   0x100012ac       0x50 c:/MaximSDK/Examples/MAX78000/CNN/orange-banana_gen/build/pb.o
                0x100012ac                PB_Get
 .text.MXC_TFT_PreInit
                0x100012fc       0x78 c:/MaximSDK/Examples/MAX78000/CNN/orange-banana_gen/build/tft_ssd2119.o
                0x100012fc                MXC_TFT_PreInit
 .text.MXC_TS_PreInit
                0x10001374       0x44 c:/MaximSDK/Examples/MAX78000/CNN/orange-banana_gen/build/tsc2046.o
                0x10001374                MXC_TS_PreInit
 .text.camera_irq_handler
                0x100013b8      0x13c c:/MaximSDK/Examples/MAX78000/CNN/orange-banana_gen/build/camera.o
                0x100013b8                camera_irq_handler
 .text.stream_callback
                0x100014f4       0xbc c:/MaximSDK/Examples/MAX78000/CNN/orange-banana_gen/build/camera.o
 .text.setup_dma
                0x100015b0       0x94 c:/MaximSDK/Examples/MAX78000/CNN/orange-banana_gen/build/camera.o
 .text.stream_irq_handler
                0x10001644        0x4 c:/MaximSDK/Examples/MAX78000/CNN/orange-banana_gen/build/camera.o
                0x10001644                stream_irq_handler
 .text.camera_init
                0x10001648      0x12c c:/MaximSDK/Examples/MAX78000/CNN/orange-banana_gen/build/camera.o
                0x10001648                camera_init
 .text.camera_setup
                0x10001774      0x1d8 c:/MaximSDK/Examples/MAX78000/CNN/orange-banana_gen/build/camera.o
                0x10001774                camera_setup
 .text.camera_write_reg
                0x1000194c        0xc c:/MaximSDK/Examples/MAX78000/CNN/orange-banana_gen/build/camera.o
                0x1000194c                camera_write_reg
 .text.camera_start_capture_image
                0x10001958       0x3c c:/MaximSDK/Examples/MAX78000/CNN/orange-banana_gen/build/camera.o
                0x10001958                camera_start_capture_image
 .text.camera_is_image_rcv
                0x10001994       0x10 c:/MaximSDK/Examples/MAX78000/CNN/orange-banana_gen/build/camera.o
                0x10001994                camera_is_image_rcv
 .text.camera_get_image
                0x100019a4       0x3c c:/MaximSDK/Examples/MAX78000/CNN/orange-banana_gen/build/camera.o
                0x100019a4                camera_get_image
 .text.get_camera_stream_buffer
                0x100019e0        0xc c:/MaximSDK/Examples/MAX78000/CNN/orange-banana_gen/build/camera.o
                0x100019e0                get_camera_stream_buffer
 .text.release_camera_stream_buffer
                0x100019ec        0xc c:/MaximSDK/Examples/MAX78000/CNN/orange-banana_gen/build/camera.o
                0x100019ec                release_camera_stream_buffer
 .text.get_camera_stream_statistic
                0x100019f8        0x8 c:/MaximSDK/Examples/MAX78000/CNN/orange-banana_gen/build/camera.o
                0x100019f8                get_camera_stream_statistic
 .text.init     0x10001a00       0x10 c:/MaximSDK/Examples/MAX78000/CNN/orange-banana_gen/build/ov7692.o
 .text.get_slave_address
                0x10001a10        0xc c:/MaximSDK/Examples/MAX78000/CNN/orange-banana_gen/build/ov7692.o
 .text.get_pixformat
                0x10001a1c       0x10 c:/MaximSDK/Examples/MAX78000/CNN/orange-banana_gen/build/ov7692.o
 .text.set_saturation
                0x10001a2c        0x4 c:/MaximSDK/Examples/MAX78000/CNN/orange-banana_gen/build/ov7692.o
 .text.get_luminance
                0x10001a30       0x60 c:/MaximSDK/Examples/MAX78000/CNN/orange-banana_gen/build/ov7692.o
 .text.read_reg
                0x10001a90       0x20 c:/MaximSDK/Examples/MAX78000/CNN/orange-banana_gen/build/ov7692.o
 .text.get_manufacture_id
                0x10001ab0       0x3c c:/MaximSDK/Examples/MAX78000/CNN/orange-banana_gen/build/ov7692.o
 .text.get_product_id
                0x10001aec       0x3c c:/MaximSDK/Examples/MAX78000/CNN/orange-banana_gen/build/ov7692.o
 .text.set_negateimage
                0x10001b28       0x90 c:/MaximSDK/Examples/MAX78000/CNN/orange-banana_gen/build/ov7692.o
 .text.set_vflip
                0x10001bb8       0x3c c:/MaximSDK/Examples/MAX78000/CNN/orange-banana_gen/build/ov7692.o
 .text.set_hmirror
                0x10001bf4       0x3c c:/MaximSDK/Examples/MAX78000/CNN/orange-banana_gen/build/ov7692.o
 .text.set_colorbar
                0x10001c30       0x3c c:/MaximSDK/Examples/MAX78000/CNN/orange-banana_gen/build/ov7692.o
 .text.set_gainceiling
                0x10001c6c       0xa0 c:/MaximSDK/Examples/MAX78000/CNN/orange-banana_gen/build/ov7692.o
 .text.set_brightness
                0x10001d0c       0xa8 c:/MaximSDK/Examples/MAX78000/CNN/orange-banana_gen/build/ov7692.o
 .text.set_contrast
                0x10001db4       0xa0 c:/MaximSDK/Examples/MAX78000/CNN/orange-banana_gen/build/ov7692.o
 .text.set_windowing
                0x10001e54      0x120 c:/MaximSDK/Examples/MAX78000/CNN/orange-banana_gen/build/ov7692.o
 .text.set_framesize
                0x10001f74       0xcc c:/MaximSDK/Examples/MAX78000/CNN/orange-banana_gen/build/ov7692.o
 .text.set_pixformat
                0x10002040       0x54 c:/MaximSDK/Examples/MAX78000/CNN/orange-banana_gen/build/ov7692.o
 .text.write_reg
                0x10002094       0x18 c:/MaximSDK/Examples/MAX78000/CNN/orange-banana_gen/build/ov7692.o
 .text.sleep    0x100020ac       0x3c c:/MaximSDK/Examples/MAX78000/CNN/orange-banana_gen/build/ov7692.o
 .text.reset    0x100020e8       0x64 c:/MaximSDK/Examples/MAX78000/CNN/orange-banana_gen/build/ov7692.o
 .text.dump_registers
                0x1000214c       0xa8 c:/MaximSDK/Examples/MAX78000/CNN/orange-banana_gen/build/ov7692.o
 .text.sensor_register
                0x100021f4       0xbc c:/MaximSDK/Examples/MAX78000/CNN/orange-banana_gen/build/ov7692.o
                0x100021f4                sensor_register
 .text.send_byte
                0x100022b0       0x68 c:/MaximSDK/Examples/MAX78000/CNN/orange-banana_gen/build/sccb.o
 .text.get_byte
                0x10002318       0x50 c:/MaximSDK/Examples/MAX78000/CNN/orange-banana_gen/build/sccb.o
 .text.sccb_init
                0x10002368       0x30 c:/MaximSDK/Examples/MAX78000/CNN/orange-banana_gen/build/sccb.o
                0x10002368                sccb_init
 .text.sccb_read_byt
                0x10002398      0x11c c:/MaximSDK/Examples/MAX78000/CNN/orange-banana_gen/build/sccb.o
                0x10002398                sccb_read_byt
 .text.sccb_write_byt
                0x100024b4       0xa4 c:/MaximSDK/Examples/MAX78000/CNN/orange-banana_gen/build/sccb.o
                0x100024b4                sccb_write_byt
 .text          0x10002558      0x148 c:/MaximSDK/Examples/MAX78000/CNN/orange-banana_gen/build/startup_max78000.o
                0x10002558                Reset_Handler
                0x10002596                HardFault_Handler
                0x10002598                MemManage_Handler
                0x1000259a                BusFault_Handler
                0x1000259c                UsageFault_Handler
                0x1000259e                SVC_Handler
                0x100025a0                DebugMon_Handler
                0x100025a2                PendSV_Handler
                0x100025a4                SysTick_Handler
                0x100025a6                Default_Handler
                0x100025a8                PF_IRQHandler
                0x100025aa                WDT0_IRQHandler
                0x100025ac                RSV02_IRQHandler
                0x100025ae                RTC_IRQHandler
                0x100025b0                TRNG_IRQHandler
                0x100025b2                TMR0_IRQHandler
                0x100025b4                TMR1_IRQHandler
                0x100025b6                TMR2_IRQHandler
                0x100025b8                TMR3_IRQHandler
                0x100025ba                TMR4_IRQHandler
                0x100025bc                TMR5_IRQHandler
                0x100025be                RSV11_IRQHandler
                0x100025c0                RSV12_IRQHandler
                0x100025c2                I2C0_IRQHandler
                0x100025c4                UART0_IRQHandler
                0x100025c6                UART1_IRQHandler
                0x100025c8                SPI1_IRQHandler
                0x100025ca                RSV17_IRQHandler
                0x100025cc                RSV18_IRQHandler
                0x100025ce                RSV19_IRQHandler
                0x100025d0                ADC_IRQHandler
                0x100025d2                RSV21_IRQHandler
                0x100025d4                RSV22_IRQHandler
                0x100025d6                FLC0_IRQHandler
                0x100025da                GPIO1_IRQHandler
                0x100025de                RSV27_IRQHandler
                0x100025e0                DMA0_IRQHandler
                0x100025e2                DMA1_IRQHandler
                0x100025e4                DMA2_IRQHandler
                0x100025e6                DMA3_IRQHandler
                0x100025e8                RSV32_IRQHandler
                0x100025ea                RSV33_IRQHandler
                0x100025ec                UART2_IRQHandler
                0x100025ee                RSV35_IRQHandler
                0x100025f0                I2C1_IRQHandler
                0x100025f2                RSV37_IRQHandler
                0x100025f4                RSV38_IRQHandler
                0x100025f6                RSV39_IRQHandler
                0x100025f8                RSV40_IRQHandler
                0x100025fa                RSV41_IRQHandler
                0x100025fc                RSV42_IRQHandler
                0x100025fe                RSV43_IRQHandler
                0x10002600                RSV44_IRQHandler
                0x10002602                RSV45_IRQHandler
                0x10002604                RSV46_IRQHandler
                0x10002606                RSV47_IRQHandler
                0x10002608                RSV48_IRQHandler
                0x1000260a                RSV49_IRQHandler
                0x1000260c                RSV50_IRQHandler
                0x1000260e                RSV51_IRQHandler
                0x10002610                RSV52_IRQHandler
                0x10002612                WUT_IRQHandler
                0x10002614                GPIOWAKE_IRQHandler
                0x10002616                RSV55_IRQHandler
                0x10002618                SPI0_IRQHandler
                0x1000261a                WDT1_IRQHandler
                0x1000261c                RSV58_IRQHandler
                0x1000261e                PT_IRQHandler
                0x10002620                RSV60_IRQHandler
                0x10002622                RSV61_IRQHandler
                0x10002624                I2C2_IRQHandler
                0x10002626                RISCV_IRQHandler
                0x10002628                RSV64_IRQHandler
                0x1000262a                RSV65_IRQHandler
                0x1000262c                RSV66_IRQHandler
                0x1000262e                OWM_IRQHandler
                0x10002630                RSV68_IRQHandler
                0x10002632                RSV69_IRQHandler
                0x10002634                RSV70_IRQHandler
                0x10002636                RSV71_IRQHandler
                0x10002638                RSV72_IRQHandler
                0x1000263a                RSV73_IRQHandler
                0x1000263c                RSV74_IRQHandler
                0x1000263e                RSV75_IRQHandler
                0x10002640                RSV76_IRQHandler
                0x10002642                RSV77_IRQHandler
                0x10002644                RSV78_IRQHandler
                0x10002646                RSV79_IRQHandler
                0x10002648                RSV80_IRQHandler
                0x1000264a                RSV81_IRQHandler
                0x1000264c                ECC_IRQHandler
                0x1000264e                DVS_IRQHandler
                0x10002650                SIMO_IRQHandler
                0x10002652                RSV85_IRQHandler
                0x10002654                RSV86_IRQHandler
                0x10002656                RSV87_IRQHandler
                0x10002658                UART3_IRQHandler
                0x1000265a                RSV89_IRQHandler
                0x1000265c                RSV90_IRQHandler
                0x1000265e                PCIF_IRQHandler
                0x10002660                RSV92_IRQHandler
                0x10002662                RSV93_IRQHandler
                0x10002664                RSV94_IRQHandler
                0x10002666                RSV95_IRQHandler
                0x10002668                RSV96_IRQHandler
                0x1000266a                AES_IRQHandler
                0x1000266c                RSV98_IRQHandler
                0x1000266e                I2S_IRQHandler
                0x10002670                CNN_FIFO_IRQHandler
                0x10002672                CNN_IRQHandler
                0x10002674                RSV102_IRQHandler
                0x10002676                LPCMP_IRQHandler
 .text._sbrk    0x100026a0       0x3c c:/MaximSDK/Examples/MAX78000/CNN/orange-banana_gen/build/heap.o
                0x100026a0                _sbrk
 .text._getpid  0x100026dc        0x8 c:/MaximSDK/Examples/MAX78000/CNN/orange-banana_gen/build/system_max78000.o
                0x100026dc                _getpid
 .text._kill    0x100026e4        0x8 c:/MaximSDK/Examples/MAX78000/CNN/orange-banana_gen/build/system_max78000.o
                0x100026e4                _kill
 .text.SystemCoreClockUpdate
                0x100026ec       0x68 c:/MaximSDK/Examples/MAX78000/CNN/orange-banana_gen/build/system_max78000.o
                0x100026ec                SystemCoreClockUpdate
 .text.PreInit  0x10002754        0x4 c:/MaximSDK/Examples/MAX78000/CNN/orange-banana_gen/build/system_max78000.o
                0x10002754                PreInit
 .text.PinInit  0x10002758        0x4 c:/MaximSDK/Examples/MAX78000/CNN/orange-banana_gen/build/system_max78000.o
                0x10002758                PinInit
 .text.SystemInit
                0x1000275c       0x3c c:/MaximSDK/Examples/MAX78000/CNN/orange-banana_gen/build/system_max78000.o
                0x1000275c                SystemInit
 .text.MXC_DelayInit
                0x10002798       0x7c C:/MaximSDK/Libraries/PeriphDrivers/bin/MAX78000/spi-v1_softfp/libPeriphDriver_spi-v1_softfp.a(mxc_delay.o)
 .text.MXC_DelayAsync
                0x10002814       0x3c C:/MaximSDK/Libraries/PeriphDrivers/bin/MAX78000/spi-v1_softfp/libPeriphDriver_spi-v1_softfp.a(mxc_delay.o)
                0x10002814                MXC_DelayAsync
 .text.MXC_DelayCheck
                0x10002850       0x70 C:/MaximSDK/Libraries/PeriphDrivers/bin/MAX78000/spi-v1_softfp/libPeriphDriver_spi-v1_softfp.a(mxc_delay.o)
                0x10002850                MXC_DelayCheck
 .text.MXC_DelayAbort
                0x100028c0       0x34 C:/MaximSDK/Libraries/PeriphDrivers/bin/MAX78000/spi-v1_softfp/libPeriphDriver_spi-v1_softfp.a(mxc_delay.o)
                0x100028c0                MXC_DelayAbort
 .text.MXC_Delay
                0x100028f4       0x74 C:/MaximSDK/Libraries/PeriphDrivers/bin/MAX78000/spi-v1_softfp/libPeriphDriver_spi-v1_softfp.a(mxc_delay.o)
                0x100028f4                MXC_Delay
 .text.MXC_NVIC_SetVector
                0x10002968       0x50 C:/MaximSDK/Libraries/PeriphDrivers/bin/MAX78000/spi-v1_softfp/libPeriphDriver_spi-v1_softfp.a(nvic_table.o)
                0x10002968                MXC_NVIC_SetVector
 .text.MXC_SYS_IsClockEnabled
                0x100029b8       0x44 C:/MaximSDK/Libraries/PeriphDrivers/bin/MAX78000/spi-v1_softfp/libPeriphDriver_spi-v1_softfp.a(sys_ai85.o)
                0x100029b8                MXC_SYS_IsClockEnabled
 .text.MXC_SYS_ClockDisable
                0x100029fc       0x44 C:/MaximSDK/Libraries/PeriphDrivers/bin/MAX78000/spi-v1_softfp/libPeriphDriver_spi-v1_softfp.a(sys_ai85.o)
                0x100029fc                MXC_SYS_ClockDisable
 .text.MXC_SYS_ClockEnable
                0x10002a40       0x4c C:/MaximSDK/Libraries/PeriphDrivers/bin/MAX78000/spi-v1_softfp/libPeriphDriver_spi-v1_softfp.a(sys_ai85.o)
                0x10002a40                MXC_SYS_ClockEnable
 .text.MXC_SYS_ClockSourceEnable
                0x10002a8c       0xf4 C:/MaximSDK/Libraries/PeriphDrivers/bin/MAX78000/spi-v1_softfp/libPeriphDriver_spi-v1_softfp.a(sys_ai85.o)
                0x10002a8c                MXC_SYS_ClockSourceEnable
 .text.MXC_SYS_Clock_Select
                0x10002b80      0x194 C:/MaximSDK/Libraries/PeriphDrivers/bin/MAX78000/spi-v1_softfp/libPeriphDriver_spi-v1_softfp.a(sys_ai85.o)
                0x10002b80                MXC_SYS_Clock_Select
 .text.MXC_SYS_Reset_Periph
                0x10002d14       0x50 C:/MaximSDK/Libraries/PeriphDrivers/bin/MAX78000/spi-v1_softfp/libPeriphDriver_spi-v1_softfp.a(sys_ai85.o)
                0x10002d14                MXC_SYS_Reset_Periph
 .text.MXC_PCIF_Init
                0x10002d64       0x6c C:/MaximSDK/Libraries/PeriphDrivers/bin/MAX78000/spi-v1_softfp/libPeriphDriver_spi-v1_softfp.a(cameraif_ai85.o)
                0x10002d64                MXC_PCIF_Init
 .text.MXC_PCIF_SetDataWidth
                0x10002dd0        0xc C:/MaximSDK/Libraries/PeriphDrivers/bin/MAX78000/spi-v1_softfp/libPeriphDriver_spi-v1_softfp.a(cameraif_ai85.o)
                0x10002dd0                MXC_PCIF_SetDataWidth
 .text.MXC_PCIF_SetTimingSel
                0x10002ddc        0xc C:/MaximSDK/Libraries/PeriphDrivers/bin/MAX78000/spi-v1_softfp/libPeriphDriver_spi-v1_softfp.a(cameraif_ai85.o)
                0x10002ddc                MXC_PCIF_SetTimingSel
 .text.MXC_PCIF_SetThreshold
                0x10002de8        0xc C:/MaximSDK/Libraries/PeriphDrivers/bin/MAX78000/spi-v1_softfp/libPeriphDriver_spi-v1_softfp.a(cameraif_ai85.o)
                0x10002de8                MXC_PCIF_SetThreshold
 .text.MXC_PCIF_EnableInt
                0x10002df4        0xc C:/MaximSDK/Libraries/PeriphDrivers/bin/MAX78000/spi-v1_softfp/libPeriphDriver_spi-v1_softfp.a(cameraif_ai85.o)
                0x10002df4                MXC_PCIF_EnableInt
 .text.MXC_PCIF_DisableInt
                0x10002e00        0xc C:/MaximSDK/Libraries/PeriphDrivers/bin/MAX78000/spi-v1_softfp/libPeriphDriver_spi-v1_softfp.a(cameraif_ai85.o)
                0x10002e00                MXC_PCIF_DisableInt
 .text.MXC_PCIF_Start
                0x10002e0c        0xc C:/MaximSDK/Libraries/PeriphDrivers/bin/MAX78000/spi-v1_softfp/libPeriphDriver_spi-v1_softfp.a(cameraif_ai85.o)
                0x10002e0c                MXC_PCIF_Start
 .text.MXC_PCIF_RevA_SetDatawidth
                0x10002e18       0x14 C:/MaximSDK/Libraries/PeriphDrivers/bin/MAX78000/spi-v1_softfp/libPeriphDriver_spi-v1_softfp.a(cameraif_reva.o)
                0x10002e18                MXC_PCIF_RevA_SetDatawidth
 .text.MXC_PCIF_RevA_SetTimingSel
                0x10002e2c       0x14 C:/MaximSDK/Libraries/PeriphDrivers/bin/MAX78000/spi-v1_softfp/libPeriphDriver_spi-v1_softfp.a(cameraif_reva.o)
                0x10002e2c                MXC_PCIF_RevA_SetTimingSel
 .text.MXC_PCIF_RevA_SetThreshold
                0x10002e40       0x18 C:/MaximSDK/Libraries/PeriphDrivers/bin/MAX78000/spi-v1_softfp/libPeriphDriver_spi-v1_softfp.a(cameraif_reva.o)
                0x10002e40                MXC_PCIF_RevA_SetThreshold
 .text.MXC_PCIF_RevA_EnableInt
                0x10002e58        0xc C:/MaximSDK/Libraries/PeriphDrivers/bin/MAX78000/spi-v1_softfp/libPeriphDriver_spi-v1_softfp.a(cameraif_reva.o)
                0x10002e58                MXC_PCIF_RevA_EnableInt
 .text.MXC_PCIF_RevA_DisableInt
                0x10002e64       0x10 C:/MaximSDK/Libraries/PeriphDrivers/bin/MAX78000/spi-v1_softfp/libPeriphDriver_spi-v1_softfp.a(cameraif_reva.o)
                0x10002e64                MXC_PCIF_RevA_DisableInt
 .text.MXC_PCIF_RevA_Start
                0x10002e74       0x14 C:/MaximSDK/Libraries/PeriphDrivers/bin/MAX78000/spi-v1_softfp/libPeriphDriver_spi-v1_softfp.a(cameraif_reva.o)
                0x10002e74                MXC_PCIF_RevA_Start
 .text.MXC_DMA_Init
                0x10002e88       0x30 C:/MaximSDK/Libraries/PeriphDrivers/bin/MAX78000/spi-v1_softfp/libPeriphDriver_spi-v1_softfp.a(dma_me17.o)
                0x10002e88                MXC_DMA_Init
 .text.MXC_DMA_AcquireChannel
                0x10002eb8        0xc C:/MaximSDK/Libraries/PeriphDrivers/bin/MAX78000/spi-v1_softfp/libPeriphDriver_spi-v1_softfp.a(dma_me17.o)
                0x10002eb8                MXC_DMA_AcquireChannel
 .text.MXC_DMA_SetCallback
                0x10002ec4        0x4 C:/MaximSDK/Libraries/PeriphDrivers/bin/MAX78000/spi-v1_softfp/libPeriphDriver_spi-v1_softfp.a(dma_me17.o)
                0x10002ec4                MXC_DMA_SetCallback
 .text.MXC_DMA_ChannelClearFlags
                0x10002ec8        0x4 C:/MaximSDK/Libraries/PeriphDrivers/bin/MAX78000/spi-v1_softfp/libPeriphDriver_spi-v1_softfp.a(dma_me17.o)
                0x10002ec8                MXC_DMA_ChannelClearFlags
 .text.MXC_DMA_Handler
                0x10002ecc        0xc C:/MaximSDK/Libraries/PeriphDrivers/bin/MAX78000/spi-v1_softfp/libPeriphDriver_spi-v1_softfp.a(dma_me17.o)
                0x10002ecc                MXC_DMA_Handler
 .text.MXC_DMA_RevA_Init
                0x10002ed8       0xac C:/MaximSDK/Libraries/PeriphDrivers/bin/MAX78000/spi-v1_softfp/libPeriphDriver_spi-v1_softfp.a(dma_reva.o)
                0x10002ed8                MXC_DMA_RevA_Init
 .text.MXC_DMA_RevA_AcquireChannel
                0x10002f84       0x88 C:/MaximSDK/Libraries/PeriphDrivers/bin/MAX78000/spi-v1_softfp/libPeriphDriver_spi-v1_softfp.a(dma_reva.o)
                0x10002f84                MXC_DMA_RevA_AcquireChannel
 .text.MXC_DMA_RevA_SetCallback
                0x1000300c       0x24 C:/MaximSDK/Libraries/PeriphDrivers/bin/MAX78000/spi-v1_softfp/libPeriphDriver_spi-v1_softfp.a(dma_reva.o)
                0x1000300c                MXC_DMA_RevA_SetCallback
 .text.MXC_DMA_RevA_ChannelClearFlags
                0x10003030       0x2c C:/MaximSDK/Libraries/PeriphDrivers/bin/MAX78000/spi-v1_softfp/libPeriphDriver_spi-v1_softfp.a(dma_reva.o)
                0x10003030                MXC_DMA_RevA_ChannelClearFlags
 .text.MXC_DMA_RevA_Handler
                0x1000305c       0x84 C:/MaximSDK/Libraries/PeriphDrivers/bin/MAX78000/spi-v1_softfp/libPeriphDriver_spi-v1_softfp.a(dma_reva.o)
                0x1000305c                MXC_DMA_RevA_Handler
 .text.MXC_GPIO_Init
                0x100030e0       0x40 C:/MaximSDK/Libraries/PeriphDrivers/bin/MAX78000/spi-v1_softfp/libPeriphDriver_spi-v1_softfp.a(gpio_ai85.o)
                0x100030e0                MXC_GPIO_Init
 .text.MXC_GPIO_Config
                0x10003120      0x234 C:/MaximSDK/Libraries/PeriphDrivers/bin/MAX78000/spi-v1_softfp/libPeriphDriver_spi-v1_softfp.a(gpio_ai85.o)
                0x10003120                MXC_GPIO_Config
 .text.MXC_GPIO_InGet
                0x10003354       0x34 C:/MaximSDK/Libraries/PeriphDrivers/bin/MAX78000/spi-v1_softfp/libPeriphDriver_spi-v1_softfp.a(gpio_ai85.o)
                0x10003354                MXC_GPIO_InGet
 .text.MXC_GPIO_OutSet
                0x10003388       0x30 C:/MaximSDK/Libraries/PeriphDrivers/bin/MAX78000/spi-v1_softfp/libPeriphDriver_spi-v1_softfp.a(gpio_ai85.o)
                0x10003388                MXC_GPIO_OutSet
 .text.MXC_GPIO_OutClr
                0x100033b8       0x34 C:/MaximSDK/Libraries/PeriphDrivers/bin/MAX78000/spi-v1_softfp/libPeriphDriver_spi-v1_softfp.a(gpio_ai85.o)
                0x100033b8                MXC_GPIO_OutClr
 .text.MXC_GPIO_Handler
                0x100033ec        0x4 C:/MaximSDK/Libraries/PeriphDrivers/bin/MAX78000/spi-v1_softfp/libPeriphDriver_spi-v1_softfp.a(gpio_ai85.o)
                0x100033ec                MXC_GPIO_Handler
 .text.MXC_GPIO_ClearFlags
                0x100033f0       0x18 C:/MaximSDK/Libraries/PeriphDrivers/bin/MAX78000/spi-v1_softfp/libPeriphDriver_spi-v1_softfp.a(gpio_ai85.o)
                0x100033f0                MXC_GPIO_ClearFlags
 .text.MXC_GPIO_GetFlags
                0x10003408       0x18 C:/MaximSDK/Libraries/PeriphDrivers/bin/MAX78000/spi-v1_softfp/libPeriphDriver_spi-v1_softfp.a(gpio_ai85.o)
                0x10003408                MXC_GPIO_GetFlags
 .text.MXC_GPIO_SetVSSEL
                0x10003420       0x24 C:/MaximSDK/Libraries/PeriphDrivers/bin/MAX78000/spi-v1_softfp/libPeriphDriver_spi-v1_softfp.a(gpio_ai85.o)
                0x10003420                MXC_GPIO_SetVSSEL
 .text.MXC_GPIO_GetConfigLock
                0x10003444        0x4 C:/MaximSDK/Libraries/PeriphDrivers/bin/MAX78000/spi-v1_softfp/libPeriphDriver_spi-v1_softfp.a(gpio_ai85.o)
                0x10003444                MXC_GPIO_GetConfigLock
 .text.MXC_GPIO_RevA_InGet
                0x10003448        0x8 C:/MaximSDK/Libraries/PeriphDrivers/bin/MAX78000/spi-v1_softfp/libPeriphDriver_spi-v1_softfp.a(gpio_reva.o)
                0x10003448                MXC_GPIO_RevA_InGet
 .text.MXC_GPIO_RevA_OutSet
                0x10003450        0x4 C:/MaximSDK/Libraries/PeriphDrivers/bin/MAX78000/spi-v1_softfp/libPeriphDriver_spi-v1_softfp.a(gpio_reva.o)
                0x10003450                MXC_GPIO_RevA_OutSet
 .text.MXC_GPIO_RevA_OutClr
                0x10003454        0x4 C:/MaximSDK/Libraries/PeriphDrivers/bin/MAX78000/spi-v1_softfp/libPeriphDriver_spi-v1_softfp.a(gpio_reva.o)
                0x10003454                MXC_GPIO_RevA_OutClr
 .text.MXC_GPIO_RevA_ClearFlags
                0x10003458        0x4 C:/MaximSDK/Libraries/PeriphDrivers/bin/MAX78000/spi-v1_softfp/libPeriphDriver_spi-v1_softfp.a(gpio_reva.o)
                0x10003458                MXC_GPIO_RevA_ClearFlags
 .text.MXC_GPIO_RevA_GetFlags
                0x1000345c        0x4 C:/MaximSDK/Libraries/PeriphDrivers/bin/MAX78000/spi-v1_softfp/libPeriphDriver_spi-v1_softfp.a(gpio_reva.o)
                0x1000345c                MXC_GPIO_RevA_GetFlags
 .text.MXC_GPIO_RevA_SetVSSEL
                0x10003460       0x40 C:/MaximSDK/Libraries/PeriphDrivers/bin/MAX78000/spi-v1_softfp/libPeriphDriver_spi-v1_softfp.a(gpio_reva.o)
                0x10003460                MXC_GPIO_RevA_SetVSSEL
 .text.MXC_GPIO_RevA_SetAF
                0x100034a0       0x7c C:/MaximSDK/Libraries/PeriphDrivers/bin/MAX78000/spi-v1_softfp/libPeriphDriver_spi-v1_softfp.a(gpio_reva.o)
                0x100034a0                MXC_GPIO_RevA_SetAF
 .text.MXC_GPIO_RevA_SetDriveStrength
                0x1000351c       0xa0 C:/MaximSDK/Libraries/PeriphDrivers/bin/MAX78000/spi-v1_softfp/libPeriphDriver_spi-v1_softfp.a(gpio_reva.o)
                0x1000351c                MXC_GPIO_RevA_SetDriveStrength
 .text.MXC_ICC_Enable
                0x100035bc        0x4 C:/MaximSDK/Libraries/PeriphDrivers/bin/MAX78000/spi-v1_softfp/libPeriphDriver_spi-v1_softfp.a(icc_me17.o)
                0x100035bc                MXC_ICC_Enable
 .text.MXC_ICC_RevA_Enable
                0x100035c0       0x30 C:/MaximSDK/Libraries/PeriphDrivers/bin/MAX78000/spi-v1_softfp/libPeriphDriver_spi-v1_softfp.a(icc_reva.o)
                0x100035c0                MXC_ICC_RevA_Enable
 .text.MXC_PT_Init
                0x100035f0      0x128 C:/MaximSDK/Libraries/PeriphDrivers/bin/MAX78000/spi-v1_softfp/libPeriphDriver_spi-v1_softfp.a(pt_ai85.o)
                0x100035f0                MXC_PT_Init
 .text.MXC_PT_Config
                0x10003718       0x5c C:/MaximSDK/Libraries/PeriphDrivers/bin/MAX78000/spi-v1_softfp/libPeriphDriver_spi-v1_softfp.a(pt_ai85.o)
                0x10003718                MXC_PT_Config
 .text.MXC_PT_SqrWaveConfig
                0x10003774       0x20 C:/MaximSDK/Libraries/PeriphDrivers/bin/MAX78000/spi-v1_softfp/libPeriphDriver_spi-v1_softfp.a(pt_ai85.o)
                0x10003774                MXC_PT_SqrWaveConfig
 .text.MXC_PT_Start
                0x10003794        0xc C:/MaximSDK/Libraries/PeriphDrivers/bin/MAX78000/spi-v1_softfp/libPeriphDriver_spi-v1_softfp.a(pt_ai85.o)
                0x10003794                MXC_PT_Start
 .text.MXC_PT_IsActive
                0x100037a0        0xc C:/MaximSDK/Libraries/PeriphDrivers/bin/MAX78000/spi-v1_softfp/libPeriphDriver_spi-v1_softfp.a(pt_ai85.o)
                0x100037a0                MXC_PT_IsActive
 .text.MXC_PT_RevA_Init
                0x100037ac       0x10 C:/MaximSDK/Libraries/PeriphDrivers/bin/MAX78000/spi-v1_softfp/libPeriphDriver_spi-v1_softfp.a(pt_reva.o)
                0x100037ac                MXC_PT_RevA_Init
 .text.MXC_PT_RevA_Config
                0x100037bc       0xc4 C:/MaximSDK/Libraries/PeriphDrivers/bin/MAX78000/spi-v1_softfp/libPeriphDriver_spi-v1_softfp.a(pt_reva.o)
                0x100037bc                MXC_PT_RevA_Config
 .text.MXC_PT_RevA_SqrWaveConfig
                0x10003880       0x18 C:/MaximSDK/Libraries/PeriphDrivers/bin/MAX78000/spi-v1_softfp/libPeriphDriver_spi-v1_softfp.a(pt_reva.o)
                0x10003880                MXC_PT_RevA_SqrWaveConfig
 .text.MXC_PT_RevA_Start
                0x10003898       0x10 C:/MaximSDK/Libraries/PeriphDrivers/bin/MAX78000/spi-v1_softfp/libPeriphDriver_spi-v1_softfp.a(pt_reva.o)
                0x10003898                MXC_PT_RevA_Start
 .text.MXC_PT_RevA_IsActive
                0x100038a8        0xc C:/MaximSDK/Libraries/PeriphDrivers/bin/MAX78000/spi-v1_softfp/libPeriphDriver_spi-v1_softfp.a(pt_reva.o)
                0x100038a8                MXC_PT_RevA_IsActive
 .text.MXC_TMR_Init
                0x100038b4      0x314 C:/MaximSDK/Libraries/PeriphDrivers/bin/MAX78000/spi-v1_softfp/libPeriphDriver_spi-v1_softfp.a(tmr_ai85.o)
                0x100038b4                MXC_TMR_Init
 .text.MXC_TMR_Start
                0x10003bc8        0x4 C:/MaximSDK/Libraries/PeriphDrivers/bin/MAX78000/spi-v1_softfp/libPeriphDriver_spi-v1_softfp.a(tmr_ai85.o)
                0x10003bc8                MXC_TMR_Start
 .text.MXC_TMR_Stop
                0x10003bcc        0x4 C:/MaximSDK/Libraries/PeriphDrivers/bin/MAX78000/spi-v1_softfp/libPeriphDriver_spi-v1_softfp.a(tmr_ai85.o)
                0x10003bcc                MXC_TMR_Stop
 .text.MXC_TMR_ClearFlags
                0x10003bd0        0x4 C:/MaximSDK/Libraries/PeriphDrivers/bin/MAX78000/spi-v1_softfp/libPeriphDriver_spi-v1_softfp.a(tmr_ai85.o)
                0x10003bd0                MXC_TMR_ClearFlags
 .text.MXC_TMR_SetCount
                0x10003bd4        0x4 C:/MaximSDK/Libraries/PeriphDrivers/bin/MAX78000/spi-v1_softfp/libPeriphDriver_spi-v1_softfp.a(tmr_ai85.o)
                0x10003bd4                MXC_TMR_SetCount
 .text.MXC_TMR_TO_Start
                0x10003bd8        0x4 C:/MaximSDK/Libraries/PeriphDrivers/bin/MAX78000/spi-v1_softfp/libPeriphDriver_spi-v1_softfp.a(tmr_ai85.o)
                0x10003bd8                MXC_TMR_TO_Start
 .text.MXC_TMR_TO_Stop
                0x10003bdc        0x4 C:/MaximSDK/Libraries/PeriphDrivers/bin/MAX78000/spi-v1_softfp/libPeriphDriver_spi-v1_softfp.a(tmr_ai85.o)
                0x10003bdc                MXC_TMR_TO_Stop
 .text.MXC_TMR_TO_Elapsed
                0x10003be0        0x4 C:/MaximSDK/Libraries/PeriphDrivers/bin/MAX78000/spi-v1_softfp/libPeriphDriver_spi-v1_softfp.a(tmr_ai85.o)
                0x10003be0                MXC_TMR_TO_Elapsed
 .text.MXC_TMR_SW_Start
                0x10003be4        0x4 C:/MaximSDK/Libraries/PeriphDrivers/bin/MAX78000/spi-v1_softfp/libPeriphDriver_spi-v1_softfp.a(tmr_ai85.o)
                0x10003be4                MXC_TMR_SW_Start
 .text.MXC_TMR_SW_Stop
                0x10003be8        0x4 C:/MaximSDK/Libraries/PeriphDrivers/bin/MAX78000/spi-v1_softfp/libPeriphDriver_spi-v1_softfp.a(tmr_ai85.o)
                0x10003be8                MXC_TMR_SW_Stop
 .text.MXC_TMR_GetTime
                0x10003bec        0x4 C:/MaximSDK/Libraries/PeriphDrivers/bin/MAX78000/spi-v1_softfp/libPeriphDriver_spi-v1_softfp.a(tmr_ai85.o)
                0x10003bec                MXC_TMR_GetTime
 .text.MXC_TMR_RevB_SetClockSource
                0x10003bf0       0xa0 C:/MaximSDK/Libraries/PeriphDrivers/bin/MAX78000/spi-v1_softfp/libPeriphDriver_spi-v1_softfp.a(tmr_revb.o)
                0x10003bf0                MXC_TMR_RevB_SetClockSource
 .text.MXC_TMR_RevB_SetClockSourceFreq
                0x10003c90       0x88 C:/MaximSDK/Libraries/PeriphDrivers/bin/MAX78000/spi-v1_softfp/libPeriphDriver_spi-v1_softfp.a(tmr_revb.o)
                0x10003c90                MXC_TMR_RevB_SetClockSourceFreq
 .text.MXC_TMR_RevB_GetClockSourceFreq
                0x10003d18       0x80 C:/MaximSDK/Libraries/PeriphDrivers/bin/MAX78000/spi-v1_softfp/libPeriphDriver_spi-v1_softfp.a(tmr_revb.o)
                0x10003d18                MXC_TMR_RevB_GetClockSourceFreq
 .text.MXC_TMR_RevB_ConfigGeneric
                0x10003d98       0xc4 C:/MaximSDK/Libraries/PeriphDrivers/bin/MAX78000/spi-v1_softfp/libPeriphDriver_spi-v1_softfp.a(tmr_revb.o)
                0x10003d98                MXC_TMR_RevB_ConfigGeneric
 .text.MXC_TMR_RevB_Init
                0x10003e5c      0x158 C:/MaximSDK/Libraries/PeriphDrivers/bin/MAX78000/spi-v1_softfp/libPeriphDriver_spi-v1_softfp.a(tmr_revb.o)
                0x10003e5c                MXC_TMR_RevB_Init
 .text.MXC_TMR_RevB_Start
                0x10003fb4       0x78 C:/MaximSDK/Libraries/PeriphDrivers/bin/MAX78000/spi-v1_softfp/libPeriphDriver_spi-v1_softfp.a(tmr_revb.o)
                0x10003fb4                MXC_TMR_RevB_Start
 .text.MXC_TMR_RevB_Stop
                0x1000402c       0x58 C:/MaximSDK/Libraries/PeriphDrivers/bin/MAX78000/spi-v1_softfp/libPeriphDriver_spi-v1_softfp.a(tmr_revb.o)
                0x1000402c                MXC_TMR_RevB_Stop
 .text.MXC_TMR_RevB_ClearFlags
                0x10004084       0x58 C:/MaximSDK/Libraries/PeriphDrivers/bin/MAX78000/spi-v1_softfp/libPeriphDriver_spi-v1_softfp.a(tmr_revb.o)
                0x10004084                MXC_TMR_RevB_ClearFlags
 .text.MXC_TMR_RevB_SetCount
                0x100040dc       0x5c C:/MaximSDK/Libraries/PeriphDrivers/bin/MAX78000/spi-v1_softfp/libPeriphDriver_spi-v1_softfp.a(tmr_revb.o)
                0x100040dc                MXC_TMR_RevB_SetCount
 .text.MXC_TMR_RevB_TO_Start
                0x10004138       0xe4 C:/MaximSDK/Libraries/PeriphDrivers/bin/MAX78000/spi-v1_softfp/libPeriphDriver_spi-v1_softfp.a(tmr_revb.o)
                0x10004138                MXC_TMR_RevB_TO_Start
 .text.MXC_TMR_RevB_GetTime
                0x1000421c      0x168 C:/MaximSDK/Libraries/PeriphDrivers/bin/MAX78000/spi-v1_softfp/libPeriphDriver_spi-v1_softfp.a(tmr_revb.o)
                0x1000421c                MXC_TMR_RevB_GetTime
 .text.MXC_UART_Shutdown
                0x10004384       0x70 C:/MaximSDK/Libraries/PeriphDrivers/bin/MAX78000/spi-v1_softfp/libPeriphDriver_spi-v1_softfp.a(uart_ai85.o)
                0x10004384                MXC_UART_Shutdown
 .text.MXC_UART_SetFrequency
                0x100043f4       0x90 C:/MaximSDK/Libraries/PeriphDrivers/bin/MAX78000/spi-v1_softfp/libPeriphDriver_spi-v1_softfp.a(uart_ai85.o)
                0x100043f4                MXC_UART_SetFrequency
 .text.MXC_UART_SetDataSize
                0x10004484        0x4 C:/MaximSDK/Libraries/PeriphDrivers/bin/MAX78000/spi-v1_softfp/libPeriphDriver_spi-v1_softfp.a(uart_ai85.o)
                0x10004484                MXC_UART_SetDataSize
 .text.MXC_UART_SetStopBits
                0x10004488        0x4 C:/MaximSDK/Libraries/PeriphDrivers/bin/MAX78000/spi-v1_softfp/libPeriphDriver_spi-v1_softfp.a(uart_ai85.o)
                0x10004488                MXC_UART_SetStopBits
 .text.MXC_UART_SetParity
                0x1000448c        0x4 C:/MaximSDK/Libraries/PeriphDrivers/bin/MAX78000/spi-v1_softfp/libPeriphDriver_spi-v1_softfp.a(uart_ai85.o)
                0x1000448c                MXC_UART_SetParity
 .text.MXC_UART_SetClockSource
                0x10004490       0x60 C:/MaximSDK/Libraries/PeriphDrivers/bin/MAX78000/spi-v1_softfp/libPeriphDriver_spi-v1_softfp.a(uart_ai85.o)
                0x10004490                MXC_UART_SetClockSource
 .text.MXC_UART_GetClockSource
                0x100044f0       0x4c C:/MaximSDK/Libraries/PeriphDrivers/bin/MAX78000/spi-v1_softfp/libPeriphDriver_spi-v1_softfp.a(uart_ai85.o)
                0x100044f0                MXC_UART_GetClockSource
 .text.MXC_UART_Init
                0x1000453c       0xa0 C:/MaximSDK/Libraries/PeriphDrivers/bin/MAX78000/spi-v1_softfp/libPeriphDriver_spi-v1_softfp.a(uart_ai85.o)
                0x1000453c                MXC_UART_Init
 .text.MXC_UART_ReadCharacterRaw
                0x100045dc        0x4 C:/MaximSDK/Libraries/PeriphDrivers/bin/MAX78000/spi-v1_softfp/libPeriphDriver_spi-v1_softfp.a(uart_ai85.o)
                0x100045dc                MXC_UART_ReadCharacterRaw
 .text.MXC_UART_WriteCharacterRaw
                0x100045e0        0x4 C:/MaximSDK/Libraries/PeriphDrivers/bin/MAX78000/spi-v1_softfp/libPeriphDriver_spi-v1_softfp.a(uart_ai85.o)
                0x100045e0                MXC_UART_WriteCharacterRaw
 .text.MXC_UART_ReadCharacter
                0x100045e4        0x4 C:/MaximSDK/Libraries/PeriphDrivers/bin/MAX78000/spi-v1_softfp/libPeriphDriver_spi-v1_softfp.a(uart_ai85.o)
                0x100045e4                MXC_UART_ReadCharacter
 .text.MXC_UART_WriteCharacter
                0x100045e8        0x4 C:/MaximSDK/Libraries/PeriphDrivers/bin/MAX78000/spi-v1_softfp/libPeriphDriver_spi-v1_softfp.a(uart_ai85.o)
                0x100045e8                MXC_UART_WriteCharacter
 .text.MXC_UART_GetRXFIFOAvailable
                0x100045ec        0x4 C:/MaximSDK/Libraries/PeriphDrivers/bin/MAX78000/spi-v1_softfp/libPeriphDriver_spi-v1_softfp.a(uart_ai85.o)
                0x100045ec                MXC_UART_GetRXFIFOAvailable
 .text.MXC_UART_GetTXFIFOAvailable
                0x100045f0        0x4 C:/MaximSDK/Libraries/PeriphDrivers/bin/MAX78000/spi-v1_softfp/libPeriphDriver_spi-v1_softfp.a(uart_ai85.o)
                0x100045f0                MXC_UART_GetTXFIFOAvailable
 .text.MXC_UART_SetRXThreshold
                0x100045f4        0x4 C:/MaximSDK/Libraries/PeriphDrivers/bin/MAX78000/spi-v1_softfp/libPeriphDriver_spi-v1_softfp.a(uart_ai85.o)
                0x100045f4                MXC_UART_SetRXThreshold
 .text.MXC_UART_Common_ReadCharacter
                0x100045f8       0x18 C:/MaximSDK/Libraries/PeriphDrivers/bin/MAX78000/spi-v1_softfp/libPeriphDriver_spi-v1_softfp.a(uart_common.o)
                0x100045f8                MXC_UART_Common_ReadCharacter
 .text.MXC_UART_Common_WriteCharacter
                0x10004610       0x1c C:/MaximSDK/Libraries/PeriphDrivers/bin/MAX78000/spi-v1_softfp/libPeriphDriver_spi-v1_softfp.a(uart_common.o)
                0x10004610                MXC_UART_Common_WriteCharacter
 .text.MXC_UART_RevB_Init
                0x1000462c       0xe0 C:/MaximSDK/Libraries/PeriphDrivers/bin/MAX78000/spi-v1_softfp/libPeriphDriver_spi-v1_softfp.a(uart_revb.o)
                0x1000462c                MXC_UART_RevB_Init
 .text.MXC_UART_RevB_SetFrequency
                0x1000470c       0x1c C:/MaximSDK/Libraries/PeriphDrivers/bin/MAX78000/spi-v1_softfp/libPeriphDriver_spi-v1_softfp.a(uart_revb.o)
                0x1000470c                MXC_UART_RevB_SetFrequency
 .text.MXC_UART_RevB_SetDataSize
                0x10004728       0x20 C:/MaximSDK/Libraries/PeriphDrivers/bin/MAX78000/spi-v1_softfp/libPeriphDriver_spi-v1_softfp.a(uart_revb.o)
                0x10004728                MXC_UART_RevB_SetDataSize
 .text.MXC_UART_RevB_SetStopBits
                0x10004748       0x28 C:/MaximSDK/Libraries/PeriphDrivers/bin/MAX78000/spi-v1_softfp/libPeriphDriver_spi-v1_softfp.a(uart_revb.o)
                0x10004748                MXC_UART_RevB_SetStopBits
 .text.MXC_UART_RevB_SetParity
                0x10004770       0x94 C:/MaximSDK/Libraries/PeriphDrivers/bin/MAX78000/spi-v1_softfp/libPeriphDriver_spi-v1_softfp.a(uart_revb.o)
                0x10004770                MXC_UART_RevB_SetParity
 .text.MXC_UART_RevB_SetClockSource
                0x10004804       0xa8 C:/MaximSDK/Libraries/PeriphDrivers/bin/MAX78000/spi-v1_softfp/libPeriphDriver_spi-v1_softfp.a(uart_revb.o)
                0x10004804                MXC_UART_RevB_SetClockSource
 .text.MXC_UART_RevB_GetClockSource
                0x100048ac        0x8 C:/MaximSDK/Libraries/PeriphDrivers/bin/MAX78000/spi-v1_softfp/libPeriphDriver_spi-v1_softfp.a(uart_revb.o)
                0x100048ac                MXC_UART_RevB_GetClockSource
 .text.MXC_UART_RevB_ReadCharacterRaw
                0x100048b4       0x10 C:/MaximSDK/Libraries/PeriphDrivers/bin/MAX78000/spi-v1_softfp/libPeriphDriver_spi-v1_softfp.a(uart_revb.o)
                0x100048b4                MXC_UART_RevB_ReadCharacterRaw
 .text.MXC_UART_RevB_WriteCharacterRaw
                0x100048c4       0x14 C:/MaximSDK/Libraries/PeriphDrivers/bin/MAX78000/spi-v1_softfp/libPeriphDriver_spi-v1_softfp.a(uart_revb.o)
                0x100048c4                MXC_UART_RevB_WriteCharacterRaw
 .text.MXC_UART_RevB_GetRXFIFOAvailable
                0x100048d8        0x8 C:/MaximSDK/Libraries/PeriphDrivers/bin/MAX78000/spi-v1_softfp/libPeriphDriver_spi-v1_softfp.a(uart_revb.o)
                0x100048d8                MXC_UART_RevB_GetRXFIFOAvailable
 .text.MXC_UART_RevB_GetTXFIFOAvailable
                0x100048e0        0xc C:/MaximSDK/Libraries/PeriphDrivers/bin/MAX78000/spi-v1_softfp/libPeriphDriver_spi-v1_softfp.a(uart_revb.o)
                0x100048e0                MXC_UART_RevB_GetTXFIFOAvailable
 .text.MXC_UART_RevB_SetRXThreshold
                0x100048ec       0x1c C:/MaximSDK/Libraries/PeriphDrivers/bin/MAX78000/spi-v1_softfp/libPeriphDriver_spi-v1_softfp.a(uart_revb.o)
                0x100048ec                MXC_UART_RevB_SetRXThreshold
 .text.MXC_GetLock
                0x10004908       0x1c C:/MaximSDK/Libraries/PeriphDrivers/bin/MAX78000/spi-v1_softfp/libPeriphDriver_spi-v1_softfp.a(mxc_lock.o)
                0x10004908                MXC_GetLock
 .text.MXC_FreeLock
                0x10004924        0xc C:/MaximSDK/Libraries/PeriphDrivers/bin/MAX78000/spi-v1_softfp/libPeriphDriver_spi-v1_softfp.a(mxc_lock.o)
                0x10004924                MXC_FreeLock
 .text.MXC_GPIO_Common_Init
                0x10004930       0x24 C:/MaximSDK/Libraries/PeriphDrivers/bin/MAX78000/spi-v1_softfp/libPeriphDriver_spi-v1_softfp.a(gpio_common.o)
                0x10004930                MXC_GPIO_Common_Init
 .text.MXC_GPIO_Common_Handler
                0x10004954       0x88 C:/MaximSDK/Libraries/PeriphDrivers/bin/MAX78000/spi-v1_softfp/libPeriphDriver_spi-v1_softfp.a(gpio_common.o)
                0x10004954                MXC_GPIO_Common_Handler
 .text.MXC_GPIO_Common_GetConfigLock
                0x100049dc        0xc C:/MaximSDK/Libraries/PeriphDrivers/bin/MAX78000/spi-v1_softfp/libPeriphDriver_spi-v1_softfp.a(gpio_common.o)
                0x100049dc                MXC_GPIO_Common_GetConfigLock
 .text.MXC_TMR_Common_TO_Stop
                0x100049e8       0x14 C:/MaximSDK/Libraries/PeriphDrivers/bin/MAX78000/spi-v1_softfp/libPeriphDriver_spi-v1_softfp.a(tmr_common.o)
                0x100049e8                MXC_TMR_Common_TO_Stop
 .text.MXC_TMR_Common_SW_Start
                0x100049fc        0x8 C:/MaximSDK/Libraries/PeriphDrivers/bin/MAX78000/spi-v1_softfp/libPeriphDriver_spi-v1_softfp.a(tmr_common.o)
                0x100049fc                MXC_TMR_Common_SW_Start
 .text.MXC_TMR_Common_SW_Stop
                0x10004a04       0x14 C:/MaximSDK/Libraries/PeriphDrivers/bin/MAX78000/spi-v1_softfp/libPeriphDriver_spi-v1_softfp.a(tmr_common.o)
                0x10004a04                MXC_TMR_Common_SW_Stop
 .text.MXC_TMR_Common_TO_Elapsed
                0x10004a18       0x54 C:/MaximSDK/Libraries/PeriphDrivers/bin/MAX78000/spi-v1_softfp/libPeriphDriver_spi-v1_softfp.a(tmr_common.o)
                0x10004a18                MXC_TMR_Common_TO_Elapsed
 .text.__errno  0x10004a6c        0xc c:/maximsdk/tools/gnutools/10.3/bin/../lib/gcc/arm-none-eabi/10.3.1/../../../../arm-none-eabi/lib/thumb/v7e-m+fp/softfp\libc.a(lib_a-errno.o)
                0x10004a6c                __errno
 .text.__libc_init_array
                0x10004a78       0x48 c:/maximsdk/tools/gnutools/10.3/bin/../lib/gcc/arm-none-eabi/10.3.1/../../../../arm-none-eabi/lib/thumb/v7e-m+fp/softfp\libc.a(lib_a-init.o)
                0x10004a78                __libc_init_array
 .text.malloc   0x10004ac0       0x10 c:/maximsdk/tools/gnutools/10.3/bin/../lib/gcc/arm-none-eabi/10.3.1/../../../../arm-none-eabi/lib/thumb/v7e-m+fp/softfp\libc.a(lib_a-malloc.o)
                0x10004ac0                malloc
 .text.free     0x10004ad0       0x10 c:/maximsdk/tools/gnutools/10.3/bin/../lib/gcc/arm-none-eabi/10.3.1/../../../../arm-none-eabi/lib/thumb/v7e-m+fp/softfp\libc.a(lib_a-malloc.o)
                0x10004ad0                free
 .text._malloc_r
                0x10004ae0      0x560 c:/maximsdk/tools/gnutools/10.3/bin/../lib/gcc/arm-none-eabi/10.3.1/../../../../arm-none-eabi/lib/thumb/v7e-m+fp/softfp\libc.a(lib_a-mallocr.o)
                0x10004ae0                _malloc_r
 .text          0x10005040      0x134 c:/maximsdk/tools/gnutools/10.3/bin/../lib/gcc/arm-none-eabi/10.3.1/../../../../arm-none-eabi/lib/thumb/v7e-m+fp/softfp\libc.a(lib_a-memcpy.o)
                0x10005040                memcpy
 .text.memset   0x10005174       0xa4 c:/maximsdk/tools/gnutools/10.3/bin/../lib/gcc/arm-none-eabi/10.3.1/../../../../arm-none-eabi/lib/thumb/v7e-m+fp/softfp\libc.a(lib_a-memset.o)
                0x10005174                memset
 .text.__malloc_lock
                0x10005218        0xc c:/maximsdk/tools/gnutools/10.3/bin/../lib/gcc/arm-none-eabi/10.3.1/../../../../arm-none-eabi/lib/thumb/v7e-m+fp/softfp\libc.a(lib_a-mlock.o)
                0x10005218                __malloc_lock
 .text.__malloc_unlock
                0x10005224        0xc c:/maximsdk/tools/gnutools/10.3/bin/../lib/gcc/arm-none-eabi/10.3.1/../../../../arm-none-eabi/lib/thumb/v7e-m+fp/softfp\libc.a(lib_a-mlock.o)
                0x10005224                __malloc_unlock
 .text.printf   0x10005230       0x28 c:/maximsdk/tools/gnutools/10.3/bin/../lib/gcc/arm-none-eabi/10.3.1/../../../../arm-none-eabi/lib/thumb/v7e-m+fp/softfp\libc.a(lib_a-printf.o)
                0x10005230                printf
 .text.putchar  0x10005258       0x10 c:/maximsdk/tools/gnutools/10.3/bin/../lib/gcc/arm-none-eabi/10.3.1/../../../../arm-none-eabi/lib/thumb/v7e-m+fp/softfp\libc.a(lib_a-putchar.o)
                0x10005258                putchar
 .text._puts_r  0x10005268       0x9c c:/maximsdk/tools/gnutools/10.3/bin/../lib/gcc/arm-none-eabi/10.3.1/../../../../arm-none-eabi/lib/thumb/v7e-m+fp/softfp\libc.a(lib_a-puts.o)
                0x10005268                _puts_r
 .text.puts     0x10005304       0x10 c:/maximsdk/tools/gnutools/10.3/bin/../lib/gcc/arm-none-eabi/10.3.1/../../../../arm-none-eabi/lib/thumb/v7e-m+fp/softfp\libc.a(lib_a-puts.o)
                0x10005304                puts
 .text._sbrk_r  0x10005314       0x24 c:/maximsdk/tools/gnutools/10.3/bin/../lib/gcc/arm-none-eabi/10.3.1/../../../../arm-none-eabi/lib/thumb/v7e-m+fp/softfp\libc.a(lib_a-sbrkr.o)
                0x10005314                _sbrk_r
 .text.snprintf
                0x10005338       0x88 c:/maximsdk/tools/gnutools/10.3/bin/../lib/gcc/arm-none-eabi/10.3.1/../../../../arm-none-eabi/lib/thumb/v7e-m+fp/softfp\libc.a(lib_a-snprintf.o)
                0x10005338                snprintf
 .text          0x100053c0       0xdc c:/maximsdk/tools/gnutools/10.3/bin/../lib/gcc/arm-none-eabi/10.3.1/../../../../arm-none-eabi/lib/thumb/v7e-m+fp/softfp\libc.a(lib_a-strlen.o)
                0x100053c0                strlen
 *fill*         0x1000549c        0x4 
 .text._svfprintf_r
                0x100054a0     0x1ac8 c:/maximsdk/tools/gnutools/10.3/bin/../lib/gcc/arm-none-eabi/10.3.1/../../../../arm-none-eabi/lib/thumb/v7e-m+fp/softfp\libc.a(lib_a-svfprintf.o)
                0x100054a0                _svfprintf_r
 .text._vfprintf_r
                0x10006f68     0x1b8c c:/maximsdk/tools/gnutools/10.3/bin/../lib/gcc/arm-none-eabi/10.3.1/../../../../arm-none-eabi/lib/thumb/v7e-m+fp/softfp\libc.a(lib_a-vfprintf.o)
                0x10006f68                _vfprintf_r
 .text.__sbprintf
                0x10008af4       0x80 c:/maximsdk/tools/gnutools/10.3/bin/../lib/gcc/arm-none-eabi/10.3.1/../../../../arm-none-eabi/lib/thumb/v7e-m+fp/softfp\libc.a(lib_a-vfprintf.o)
 .text.__swsetup_r
                0x10008b74       0xd4 c:/maximsdk/tools/gnutools/10.3/bin/../lib/gcc/arm-none-eabi/10.3.1/../../../../arm-none-eabi/lib/thumb/v7e-m+fp/softfp\libc.a(lib_a-wsetup.o)
                0x10008b74                __swsetup_r
 .text.startup.register_fini
                0x10008c48       0x14 c:/maximsdk/tools/gnutools/10.3/bin/../lib/gcc/arm-none-eabi/10.3.1/../../../../arm-none-eabi/lib/thumb/v7e-m+fp/softfp\libc.a(lib_a-__call_atexit.o)
 .text.atexit   0x10008c5c        0xc c:/maximsdk/tools/gnutools/10.3/bin/../lib/gcc/arm-none-eabi/10.3.1/../../../../arm-none-eabi/lib/thumb/v7e-m+fp/softfp\libc.a(lib_a-atexit.o)
                0x10008c5c                atexit
 .text.quorem   0x10008c68      0x128 c:/maximsdk/tools/gnutools/10.3/bin/../lib/gcc/arm-none-eabi/10.3.1/../../../../arm-none-eabi/lib/thumb/v7e-m+fp/softfp\libc.a(lib_a-dtoa.o)
 .text._dtoa_r  0x10008d90      0xf34 c:/maximsdk/tools/gnutools/10.3/bin/../lib/gcc/arm-none-eabi/10.3.1/../../../../arm-none-eabi/lib/thumb/v7e-m+fp/softfp\libc.a(lib_a-dtoa.o)
                0x10008d90                _dtoa_r
 .text.__sflush_r
                0x10009cc4      0x130 c:/maximsdk/tools/gnutools/10.3/bin/../lib/gcc/arm-none-eabi/10.3.1/../../../../arm-none-eabi/lib/thumb/v7e-m+fp/softfp\libc.a(lib_a-fflush.o)
                0x10009cc4                __sflush_r
 .text._fflush_r
                0x10009df4       0x5c c:/maximsdk/tools/gnutools/10.3/bin/../lib/gcc/arm-none-eabi/10.3.1/../../../../arm-none-eabi/lib/thumb/v7e-m+fp/softfp\libc.a(lib_a-fflush.o)
                0x10009df4                _fflush_r
 .text._cleanup_r
                0x10009e50        0xc c:/maximsdk/tools/gnutools/10.3/bin/../lib/gcc/arm-none-eabi/10.3.1/../../../../arm-none-eabi/lib/thumb/v7e-m+fp/softfp\libc.a(lib_a-findfp.o)
                0x10009e50                _cleanup_r
 .text.__sinit  0x10009e5c      0x10c c:/maximsdk/tools/gnutools/10.3/bin/../lib/gcc/arm-none-eabi/10.3.1/../../../../arm-none-eabi/lib/thumb/v7e-m+fp/softfp\libc.a(lib_a-findfp.o)
                0x10009e5c                __sinit
 .text.__sfp_lock_acquire
                0x10009f68        0xc c:/maximsdk/tools/gnutools/10.3/bin/../lib/gcc/arm-none-eabi/10.3.1/../../../../arm-none-eabi/lib/thumb/v7e-m+fp/softfp\libc.a(lib_a-findfp.o)
                0x10009f68                __sfp_lock_acquire
 .text.__sfp_lock_release
                0x10009f74        0xc c:/maximsdk/tools/gnutools/10.3/bin/../lib/gcc/arm-none-eabi/10.3.1/../../../../arm-none-eabi/lib/thumb/v7e-m+fp/softfp\libc.a(lib_a-findfp.o)
                0x10009f74                __sfp_lock_release
 .text.__libc_fini_array
                0x10009f80       0x2c c:/maximsdk/tools/gnutools/10.3/bin/../lib/gcc/arm-none-eabi/10.3.1/../../../../arm-none-eabi/lib/thumb/v7e-m+fp/softfp\libc.a(lib_a-fini.o)
                0x10009f80                __libc_fini_array
 .text._malloc_trim_r
                0x10009fac       0xa0 c:/maximsdk/tools/gnutools/10.3/bin/../lib/gcc/arm-none-eabi/10.3.1/../../../../arm-none-eabi/lib/thumb/v7e-m+fp/softfp\libc.a(lib_a-freer.o)
                0x10009fac                _malloc_trim_r
 .text._free_r  0x1000a04c      0x20c c:/maximsdk/tools/gnutools/10.3/bin/../lib/gcc/arm-none-eabi/10.3.1/../../../../arm-none-eabi/lib/thumb/v7e-m+fp/softfp\libc.a(lib_a-freer.o)
                0x1000a04c                _free_r
 .text.__sfvwrite_r
                0x1000a258      0x2f0 c:/maximsdk/tools/gnutools/10.3/bin/../lib/gcc/arm-none-eabi/10.3.1/../../../../arm-none-eabi/lib/thumb/v7e-m+fp/softfp\libc.a(lib_a-fvwrite.o)
                0x1000a258                __sfvwrite_r
 .text._fwalk_reent
                0x1000a548       0x48 c:/maximsdk/tools/gnutools/10.3/bin/../lib/gcc/arm-none-eabi/10.3.1/../../../../arm-none-eabi/lib/thumb/v7e-m+fp/softfp\libc.a(lib_a-fwalk.o)
                0x1000a548                _fwalk_reent
 .text._localeconv_r
                0x1000a590        0x8 c:/maximsdk/tools/gnutools/10.3/bin/../lib/gcc/arm-none-eabi/10.3.1/../../../../arm-none-eabi/lib/thumb/v7e-m+fp/softfp\libc.a(lib_a-localeconv.o)
                0x1000a590                _localeconv_r
 .text.__retarget_lock_init_recursive
                0x1000a598        0x4 c:/maximsdk/tools/gnutools/10.3/bin/../lib/gcc/arm-none-eabi/10.3.1/../../../../arm-none-eabi/lib/thumb/v7e-m+fp/softfp\libc.a(lib_a-lock.o)
                0x1000a598                __retarget_lock_init_recursive
 .text.__retarget_lock_close_recursive
                0x1000a59c        0x4 c:/maximsdk/tools/gnutools/10.3/bin/../lib/gcc/arm-none-eabi/10.3.1/../../../../arm-none-eabi/lib/thumb/v7e-m+fp/softfp\libc.a(lib_a-lock.o)
                0x1000a59c                __retarget_lock_close_recursive
 .text.__retarget_lock_acquire_recursive
                0x1000a5a0        0x4 c:/maximsdk/tools/gnutools/10.3/bin/../lib/gcc/arm-none-eabi/10.3.1/../../../../arm-none-eabi/lib/thumb/v7e-m+fp/softfp\libc.a(lib_a-lock.o)
                0x1000a5a0                __retarget_lock_acquire_recursive
 .text.__retarget_lock_release_recursive
                0x1000a5a4        0x4 c:/maximsdk/tools/gnutools/10.3/bin/../lib/gcc/arm-none-eabi/10.3.1/../../../../arm-none-eabi/lib/thumb/v7e-m+fp/softfp\libc.a(lib_a-lock.o)
                0x1000a5a4                __retarget_lock_release_recursive
 .text.__smakebuf_r
                0x1000a5a8       0xe0 c:/maximsdk/tools/gnutools/10.3/bin/../lib/gcc/arm-none-eabi/10.3.1/../../../../arm-none-eabi/lib/thumb/v7e-m+fp/softfp\libc.a(lib_a-makebuf.o)
                0x1000a5a8                __smakebuf_r
 *fill*         0x1000a688        0x8 
 .text          0x1000a690       0xa0 c:/maximsdk/tools/gnutools/10.3/bin/../lib/gcc/arm-none-eabi/10.3.1/../../../../arm-none-eabi/lib/thumb/v7e-m+fp/softfp\libc.a(lib_a-memchr.o)
                0x1000a690                memchr
 .text.memmove  0x1000a730       0xf8 c:/maximsdk/tools/gnutools/10.3/bin/../lib/gcc/arm-none-eabi/10.3.1/../../../../arm-none-eabi/lib/thumb/v7e-m+fp/softfp\libc.a(lib_a-memmove.o)
                0x1000a730                memmove
 .text._Balloc  0x1000a828       0x4c c:/maximsdk/tools/gnutools/10.3/bin/../lib/gcc/arm-none-eabi/10.3.1/../../../../arm-none-eabi/lib/thumb/v7e-m+fp/softfp\libc.a(lib_a-mprec.o)
                0x1000a828                _Balloc
 .text._Bfree   0x1000a874       0x14 c:/maximsdk/tools/gnutools/10.3/bin/../lib/gcc/arm-none-eabi/10.3.1/../../../../arm-none-eabi/lib/thumb/v7e-m+fp/softfp\libc.a(lib_a-mprec.o)
                0x1000a874                _Bfree
 .text.__multadd
                0x1000a888       0xa8 c:/maximsdk/tools/gnutools/10.3/bin/../lib/gcc/arm-none-eabi/10.3.1/../../../../arm-none-eabi/lib/thumb/v7e-m+fp/softfp\libc.a(lib_a-mprec.o)
                0x1000a888                __multadd
 .text.__hi0bits
                0x1000a930       0x40 c:/maximsdk/tools/gnutools/10.3/bin/../lib/gcc/arm-none-eabi/10.3.1/../../../../arm-none-eabi/lib/thumb/v7e-m+fp/softfp\libc.a(lib_a-mprec.o)
                0x1000a930                __hi0bits
 .text.__lo0bits
                0x1000a970       0x60 c:/maximsdk/tools/gnutools/10.3/bin/../lib/gcc/arm-none-eabi/10.3.1/../../../../arm-none-eabi/lib/thumb/v7e-m+fp/softfp\libc.a(lib_a-mprec.o)
                0x1000a970                __lo0bits
 .text.__i2b    0x1000a9d0       0x5c c:/maximsdk/tools/gnutools/10.3/bin/../lib/gcc/arm-none-eabi/10.3.1/../../../../arm-none-eabi/lib/thumb/v7e-m+fp/softfp\libc.a(lib_a-mprec.o)
                0x1000a9d0                __i2b
 .text.__multiply
                0x1000aa2c      0x15c c:/maximsdk/tools/gnutools/10.3/bin/../lib/gcc/arm-none-eabi/10.3.1/../../../../arm-none-eabi/lib/thumb/v7e-m+fp/softfp\libc.a(lib_a-mprec.o)
                0x1000aa2c                __multiply
 .text.__pow5mult
                0x1000ab88       0xc0 c:/maximsdk/tools/gnutools/10.3/bin/../lib/gcc/arm-none-eabi/10.3.1/../../../../arm-none-eabi/lib/thumb/v7e-m+fp/softfp\libc.a(lib_a-mprec.o)
                0x1000ab88                __pow5mult
 .text.__lshift
                0x1000ac48       0xf0 c:/maximsdk/tools/gnutools/10.3/bin/../lib/gcc/arm-none-eabi/10.3.1/../../../../arm-none-eabi/lib/thumb/v7e-m+fp/softfp\libc.a(lib_a-mprec.o)
                0x1000ac48                __lshift
 .text.__mcmp   0x1000ad38       0x44 c:/maximsdk/tools/gnutools/10.3/bin/../lib/gcc/arm-none-eabi/10.3.1/../../../../arm-none-eabi/lib/thumb/v7e-m+fp/softfp\libc.a(lib_a-mprec.o)
                0x1000ad38                __mcmp
 .text.__mdiff  0x1000ad7c      0x14c c:/maximsdk/tools/gnutools/10.3/bin/../lib/gcc/arm-none-eabi/10.3.1/../../../../arm-none-eabi/lib/thumb/v7e-m+fp/softfp\libc.a(lib_a-mprec.o)
                0x1000ad7c                __mdiff
 .text.__d2b    0x1000aec8       0xc4 c:/maximsdk/tools/gnutools/10.3/bin/../lib/gcc/arm-none-eabi/10.3.1/../../../../arm-none-eabi/lib/thumb/v7e-m+fp/softfp\libc.a(lib_a-mprec.o)
                0x1000aec8                __d2b
 .text._putc_r  0x1000af8c       0x74 c:/maximsdk/tools/gnutools/10.3/bin/../lib/gcc/arm-none-eabi/10.3.1/../../../../arm-none-eabi/lib/thumb/v7e-m+fp/softfp\libc.a(lib_a-putc.o)
                0x1000af8c                _putc_r
 .text._realloc_r
                0x1000b000      0x3d8 c:/maximsdk/tools/gnutools/10.3/bin/../lib/gcc/arm-none-eabi/10.3.1/../../../../arm-none-eabi/lib/thumb/v7e-m+fp/softfp\libc.a(lib_a-reallocr.o)
                0x1000b000                _realloc_r
 .text.frexp    0x1000b3d8       0x70 c:/maximsdk/tools/gnutools/10.3/bin/../lib/gcc/arm-none-eabi/10.3.1/../../../../arm-none-eabi/lib/thumb/v7e-m+fp/softfp\libc.a(lib_a-s_frexp.o)
                0x1000b3d8                frexp
 .text.__sread  0x1000b448       0x24 c:/maximsdk/tools/gnutools/10.3/bin/../lib/gcc/arm-none-eabi/10.3.1/../../../../arm-none-eabi/lib/thumb/v7e-m+fp/softfp\libc.a(lib_a-stdio.o)
                0x1000b448                __sread
 .text.__swrite
                0x1000b46c       0x40 c:/maximsdk/tools/gnutools/10.3/bin/../lib/gcc/arm-none-eabi/10.3.1/../../../../arm-none-eabi/lib/thumb/v7e-m+fp/softfp\libc.a(lib_a-stdio.o)
                0x1000b46c                __swrite
 .text.__sseek  0x1000b4ac       0x20 c:/maximsdk/tools/gnutools/10.3/bin/../lib/gcc/arm-none-eabi/10.3.1/../../../../arm-none-eabi/lib/thumb/v7e-m+fp/softfp\libc.a(lib_a-stdio.o)
                0x1000b4ac                __sseek
 .text.__sclose
                0x1000b4cc        0x8 c:/maximsdk/tools/gnutools/10.3/bin/../lib/gcc/arm-none-eabi/10.3.1/../../../../arm-none-eabi/lib/thumb/v7e-m+fp/softfp\libc.a(lib_a-stdio.o)
                0x1000b4cc                __sclose
 .text.strncpy  0x1000b4d4       0x64 c:/maximsdk/tools/gnutools/10.3/bin/../lib/gcc/arm-none-eabi/10.3.1/../../../../arm-none-eabi/lib/thumb/v7e-m+fp/softfp\libc.a(lib_a-strncpy.o)
                0x1000b4d4                strncpy
 .text.__ssprint_r
                0x1000b538       0xf8 c:/maximsdk/tools/gnutools/10.3/bin/../lib/gcc/arm-none-eabi/10.3.1/../../../../arm-none-eabi/lib/thumb/v7e-m+fp/softfp\libc.a(lib_a-svfiprintf.o)
                0x1000b538                __ssprint_r
 .text.__sprint_r.part.0
                0x1000b630       0x78 c:/maximsdk/tools/gnutools/10.3/bin/../lib/gcc/arm-none-eabi/10.3.1/../../../../arm-none-eabi/lib/thumb/v7e-m+fp/softfp\libc.a(lib_a-vfiprintf.o)
 .text.__sprint_r
                0x1000b6a8       0x18 c:/maximsdk/tools/gnutools/10.3/bin/../lib/gcc/arm-none-eabi/10.3.1/../../../../arm-none-eabi/lib/thumb/v7e-m+fp/softfp\libc.a(lib_a-vfiprintf.o)
                0x1000b6a8                __sprint_r
 .text._vfiprintf_r
                0x1000b6c0      0xdfc c:/maximsdk/tools/gnutools/10.3/bin/../lib/gcc/arm-none-eabi/10.3.1/../../../../arm-none-eabi/lib/thumb/v7e-m+fp/softfp\libc.a(lib_a-vfiprintf.o)
                0x1000b6c0                _vfiprintf_r
 .text.__sbprintf
                0x1000c4bc       0x80 c:/maximsdk/tools/gnutools/10.3/bin/../lib/gcc/arm-none-eabi/10.3.1/../../../../arm-none-eabi/lib/thumb/v7e-m+fp/softfp\libc.a(lib_a-vfiprintf.o)
 .text.__swbuf_r
                0x1000c53c       0xb0 c:/maximsdk/tools/gnutools/10.3/bin/../lib/gcc/arm-none-eabi/10.3.1/../../../../arm-none-eabi/lib/thumb/v7e-m+fp/softfp\libc.a(lib_a-wbuf.o)
                0x1000c53c                __swbuf_r
 .text._write_r
                0x1000c5ec       0x2c c:/maximsdk/tools/gnutools/10.3/bin/../lib/gcc/arm-none-eabi/10.3.1/../../../../arm-none-eabi/lib/thumb/v7e-m+fp/softfp\libc.a(lib_a-writer.o)
                0x1000c5ec                _write_r
 .text.__register_exitproc
                0x1000c618       0x8c c:/maximsdk/tools/gnutools/10.3/bin/../lib/gcc/arm-none-eabi/10.3.1/../../../../arm-none-eabi/lib/thumb/v7e-m+fp/softfp\libc.a(lib_a-__atexit.o)
                0x1000c618                __register_exitproc
 .text.__assert_func
                0x1000c6a4       0x40 c:/maximsdk/tools/gnutools/10.3/bin/../lib/gcc/arm-none-eabi/10.3.1/../../../../arm-none-eabi/lib/thumb/v7e-m+fp/softfp\libc.a(lib_a-assert.o)
                0x1000c6a4                __assert_func
 .text._calloc_r
                0x1000c6e4       0x78 c:/maximsdk/tools/gnutools/10.3/bin/../lib/gcc/arm-none-eabi/10.3.1/../../../../arm-none-eabi/lib/thumb/v7e-m+fp/softfp\libc.a(lib_a-callocr.o)
                0x1000c6e4                _calloc_r
 .text._close_r
                0x1000c75c       0x24 c:/maximsdk/tools/gnutools/10.3/bin/../lib/gcc/arm-none-eabi/10.3.1/../../../../arm-none-eabi/lib/thumb/v7e-m+fp/softfp\libc.a(lib_a-closer.o)
                0x1000c75c                _close_r
 .text._fclose_r
                0x1000c780       0xcc c:/maximsdk/tools/gnutools/10.3/bin/../lib/gcc/arm-none-eabi/10.3.1/../../../../arm-none-eabi/lib/thumb/v7e-m+fp/softfp\libc.a(lib_a-fclose.o)
                0x1000c780                _fclose_r
 .text.fiprintf
                0x1000c84c       0x28 c:/maximsdk/tools/gnutools/10.3/bin/../lib/gcc/arm-none-eabi/10.3.1/../../../../arm-none-eabi/lib/thumb/v7e-m+fp/softfp\libc.a(lib_a-fiprintf.o)
                0x1000c84c                fiprintf
 .text.__fputwc
                0x1000c874       0xa8 c:/maximsdk/tools/gnutools/10.3/bin/../lib/gcc/arm-none-eabi/10.3.1/../../../../arm-none-eabi/lib/thumb/v7e-m+fp/softfp\libc.a(lib_a-fputwc.o)
                0x1000c874                __fputwc
 .text._fputwc_r
                0x1000c91c       0x68 c:/maximsdk/tools/gnutools/10.3/bin/../lib/gcc/arm-none-eabi/10.3.1/../../../../arm-none-eabi/lib/thumb/v7e-m+fp/softfp\libc.a(lib_a-fputwc.o)
                0x1000c91c                _fputwc_r
 .text._fstat_r
                0x1000c984       0x2c c:/maximsdk/tools/gnutools/10.3/bin/../lib/gcc/arm-none-eabi/10.3.1/../../../../arm-none-eabi/lib/thumb/v7e-m+fp/softfp\libc.a(lib_a-fstatr.o)
                0x1000c984                _fstat_r
 .text._isatty_r
                0x1000c9b0       0x24 c:/maximsdk/tools/gnutools/10.3/bin/../lib/gcc/arm-none-eabi/10.3.1/../../../../arm-none-eabi/lib/thumb/v7e-m+fp/softfp\libc.a(lib_a-isattyr.o)
                0x1000c9b0                _isatty_r
 .text.__locale_mb_cur_max
                0x1000c9d4        0xc c:/maximsdk/tools/gnutools/10.3/bin/../lib/gcc/arm-none-eabi/10.3.1/../../../../arm-none-eabi/lib/thumb/v7e-m+fp/softfp\libc.a(lib_a-locale.o)
                0x1000c9d4                __locale_mb_cur_max
 .text._lseek_r
                0x1000c9e0       0x2c c:/maximsdk/tools/gnutools/10.3/bin/../lib/gcc/arm-none-eabi/10.3.1/../../../../arm-none-eabi/lib/thumb/v7e-m+fp/softfp\libc.a(lib_a-lseekr.o)
                0x1000c9e0                _lseek_r
 .text.__ascii_mbtowc
                0x1000ca0c       0x2c c:/maximsdk/tools/gnutools/10.3/bin/../lib/gcc/arm-none-eabi/10.3.1/../../../../arm-none-eabi/lib/thumb/v7e-m+fp/softfp\libc.a(lib_a-mbtowc_r.o)
                0x1000ca0c                __ascii_mbtowc
 .text._read_r  0x1000ca38       0x2c c:/maximsdk/tools/gnutools/10.3/bin/../lib/gcc/arm-none-eabi/10.3.1/../../../../arm-none-eabi/lib/thumb/v7e-m+fp/softfp\libc.a(lib_a-readr.o)
                0x1000ca38                _read_r
 .text._wcrtomb_r
                0x1000ca64       0x3c c:/maximsdk/tools/gnutools/10.3/bin/../lib/gcc/arm-none-eabi/10.3.1/../../../../arm-none-eabi/lib/thumb/v7e-m+fp/softfp\libc.a(lib_a-wcrtomb.o)
                0x1000ca64                _wcrtomb_r
 .text.__ascii_wctomb
                0x1000caa0       0x1c c:/maximsdk/tools/gnutools/10.3/bin/../lib/gcc/arm-none-eabi/10.3.1/../../../../arm-none-eabi/lib/thumb/v7e-m+fp/softfp\libc.a(lib_a-wctomb_r.o)
                0x1000caa0                __ascii_wctomb
 .text.abort    0x1000cabc       0x10 c:/maximsdk/tools/gnutools/10.3/bin/../lib/gcc/arm-none-eabi/10.3.1/../../../../arm-none-eabi/lib/thumb/v7e-m+fp/softfp\libc.a(lib_a-abort.o)
                0x1000cabc                abort
 .text.raise    0x1000cacc       0x5c c:/maximsdk/tools/gnutools/10.3/bin/../lib/gcc/arm-none-eabi/10.3.1/../../../../arm-none-eabi/lib/thumb/v7e-m+fp/softfp\libc.a(lib_a-signal.o)
                0x1000cacc                raise
 .text._kill_r  0x1000cb28       0x2c c:/maximsdk/tools/gnutools/10.3/bin/../lib/gcc/arm-none-eabi/10.3.1/../../../../arm-none-eabi/lib/thumb/v7e-m+fp/softfp\libc.a(lib_a-signalr.o)
                0x1000cb28                _kill_r
 .text._getpid_r
                0x1000cb54        0x4 c:/maximsdk/tools/gnutools/10.3/bin/../lib/gcc/arm-none-eabi/10.3.1/../../../../arm-none-eabi/lib/thumb/v7e-m+fp/softfp\libc.a(lib_a-signalr.o)
                0x1000cb54                _getpid_r
 .text._exit    0x1000cb58        0x4 c:/maximsdk/tools/gnutools/10.3/bin/../lib/gcc/arm-none-eabi/10.3.1/../../../../arm-none-eabi/lib/thumb/v7e-m+fp/softfp\libnosys.a(_exit.o)
                0x1000cb58                _exit
 .text          0x1000cb5c      0x378 c:/maximsdk/tools/gnutools/10.3/bin/../lib/gcc/arm-none-eabi/10.3.1/thumb/v7e-m+fp/softfp\libgcc.a(_arm_addsubdf3.o)
                0x1000cb5c                __aeabi_drsub
                0x1000cb64                __aeabi_dsub
                0x1000cb64                __subdf3
                0x1000cb68                __aeabi_dadd
                0x1000cb68                __adddf3
                0x1000cde0                __floatunsidf
                0x1000cde0                __aeabi_ui2d
                0x1000ce00                __floatsidf
                0x1000ce00                __aeabi_i2d
                0x1000ce24                __aeabi_f2d
                0x1000ce24                __extendsfdf2
                0x1000ce68                __floatundidf
                0x1000ce68                __aeabi_ul2d
                0x1000ce78                __floatdidf
                0x1000ce78                __aeabi_l2d
 .text          0x1000ced4      0x424 c:/maximsdk/tools/gnutools/10.3/bin/../lib/gcc/arm-none-eabi/10.3.1/thumb/v7e-m+fp/softfp\libgcc.a(_arm_muldivdf3.o)
                0x1000ced4                __aeabi_dmul
                0x1000ced4                __muldf3
                0x1000d128                __divdf3
                0x1000d128                __aeabi_ddiv
 .text          0x1000d2f8      0x110 c:/maximsdk/tools/gnutools/10.3/bin/../lib/gcc/arm-none-eabi/10.3.1/thumb/v7e-m+fp/softfp\libgcc.a(_arm_cmpdf2.o)
                0x1000d2f8                __gtdf2
                0x1000d2f8                __gedf2
                0x1000d300                __ltdf2
                0x1000d300                __ledf2
                0x1000d308                __nedf2
                0x1000d308                __eqdf2
                0x1000d308                __cmpdf2
                0x1000d384                __aeabi_cdrcmple
                0x1000d394                __aeabi_cdcmpeq
                0x1000d394                __aeabi_cdcmple
                0x1000d3a4                __aeabi_dcmpeq
                0x1000d3b8                __aeabi_dcmplt
                0x1000d3cc                __aeabi_dcmple
                0x1000d3e0                __aeabi_dcmpge
                0x1000d3f4                __aeabi_dcmpgt
 .text          0x1000d408       0x2c c:/maximsdk/tools/gnutools/10.3/bin/../lib/gcc/arm-none-eabi/10.3.1/thumb/v7e-m+fp/softfp\libgcc.a(_arm_unorddf2.o)
                0x1000d408                __unorddf2
                0x1000d408                __aeabi_dcmpun
 .text          0x1000d434       0x50 c:/maximsdk/tools/gnutools/10.3/bin/../lib/gcc/arm-none-eabi/10.3.1/thumb/v7e-m+fp/softfp\libgcc.a(_arm_fixdfsi.o)
                0x1000d434                __aeabi_d2iz
                0x1000d434                __fixdfsi
 .text          0x1000d484       0xa0 c:/maximsdk/tools/gnutools/10.3/bin/../lib/gcc/arm-none-eabi/10.3.1/thumb/v7e-m+fp/softfp\libgcc.a(_aeabi_ldivmod.o)
                0x1000d484                __aeabi_ldivmod
 .text          0x1000d524       0x30 c:/maximsdk/tools/gnutools/10.3/bin/../lib/gcc/arm-none-eabi/10.3.1/thumb/v7e-m+fp/softfp\libgcc.a(_aeabi_uldivmod.o)
                0x1000d524                __aeabi_uldivmod
 .text          0x1000d554      0x2d0 c:/maximsdk/tools/gnutools/10.3/bin/../lib/gcc/arm-none-eabi/10.3.1/thumb/v7e-m+fp/softfp\libgcc.a(_udivmoddi4.o)
                0x1000d554                __udivmoddi4
 .text          0x1000d824        0x4 c:/maximsdk/tools/gnutools/10.3/bin/../lib/gcc/arm-none-eabi/10.3.1/thumb/v7e-m+fp/softfp\libgcc.a(_dvmd_tls.o)
                0x1000d824                __aeabi_idiv0
                0x1000d824                __aeabi_ldiv0
 *(.rodata*)
 .rodata.kernels
                0x1000d828     0xdef4 c:/MaximSDK/Examples/MAX78000/CNN/orange-banana_gen/build/cnn.o
 .rodata.capture_process_camera.str1.4
                0x1001b71c       0x24 c:/MaximSDK/Examples/MAX78000/CNN/orange-banana_gen/build/main.o
 .rodata.main.str1.4
                0x1001b740      0x131 c:/MaximSDK/Examples/MAX78000/CNN/orange-banana_gen/build/main.o
 *fill*         0x1001b871        0x3 
 .rodata.str1.4
                0x1001b874        0xa c:/MaximSDK/Examples/MAX78000/CNN/orange-banana_gen/build/main.o
 *fill*         0x1001b87e        0x2 
 .rodata        0x1001b880       0x28 c:/MaximSDK/Examples/MAX78000/CNN/orange-banana_gen/build/main.o
 .rodata.mxc_assert.str1.4
                0x1001b8a8       0x19 c:/MaximSDK/Examples/MAX78000/CNN/orange-banana_gen/build/board.o
 *fill*         0x1001b8c1        0x3 
 .rodata.Board_Init.str1.4
                0x1001b8c4       0x45 c:/MaximSDK/Examples/MAX78000/CNN/orange-banana_gen/build/board.o
 *fill*         0x1001b909        0x3 
 .rodata        0x1001b90c       0x54 c:/MaximSDK/Examples/MAX78000/CNN/orange-banana_gen/build/board.o
 .rodata.led_pin
                0x1001b960       0x18 c:/MaximSDK/Examples/MAX78000/CNN/orange-banana_gen/build/board.o
                0x1001b960                led_pin
 .rodata.num_leds
                0x1001b978        0x4 c:/MaximSDK/Examples/MAX78000/CNN/orange-banana_gen/build/board.o
                0x1001b978                num_leds
 .rodata.num_pbs
                0x1001b97c        0x4 c:/MaximSDK/Examples/MAX78000/CNN/orange-banana_gen/build/board.o
                0x1001b97c                num_pbs
 .rodata.pb_pin
                0x1001b980       0x18 c:/MaximSDK/Examples/MAX78000/CNN/orange-banana_gen/build/board.o
                0x1001b980                pb_pin
 .rodata.LED_On.str1.4
                0x1001b998       0x3b c:/MaximSDK/Examples/MAX78000/CNN/orange-banana_gen/build/led.o
 *fill*         0x1001b9d3        0x1 
 .rodata.PB_IntEnable.str1.4
                0x1001b9d4       0x41 c:/MaximSDK/Examples/MAX78000/CNN/orange-banana_gen/build/pb.o
 *fill*         0x1001ba15        0x3 
 .rodata.camera_setup.str1.4
                0x1001ba18       0x1b c:/MaximSDK/Examples/MAX78000/CNN/orange-banana_gen/build/camera.o
 *fill*         0x1001ba33        0x1 
 .rodata.dump_registers.str1.4
                0x1001ba34       0x12 c:/MaximSDK/Examples/MAX78000/CNN/orange-banana_gen/build/ov7692.o
 *fill*         0x1001ba46        0x2 
 .rodata.default_regs
                0x1001ba48       0x5e c:/MaximSDK/Examples/MAX78000/CNN/orange-banana_gen/build/ov7692.o
 *fill*         0x1001baa6        0x2 
 .rodata.gpio_cfg_scl
                0x1001baa8        0xc c:/MaximSDK/Examples/MAX78000/CNN/orange-banana_gen/build/sccb.o
 .rodata.gpio_cfg_sda
                0x1001bab4        0xc c:/MaximSDK/Examples/MAX78000/CNN/orange-banana_gen/build/sccb.o
 .rodata.gpio_cfg_extclk
                0x1001bac0        0xc C:/MaximSDK/Libraries/PeriphDrivers/bin/MAX78000/spi-v1_softfp/libPeriphDriver_spi-v1_softfp.a(pins_ai85.o)
                0x1001bac0                gpio_cfg_extclk
 .rodata.gpio_cfg_pcif_P0_BITS_0_7
                0x1001bacc        0xc C:/MaximSDK/Libraries/PeriphDrivers/bin/MAX78000/spi-v1_softfp/libPeriphDriver_spi-v1_softfp.a(pins_ai85.o)
                0x1001bacc                gpio_cfg_pcif_P0_BITS_0_7
 .rodata.gpio_cfg_pcif_P0_BITS_8_9
                0x1001bad8        0xc C:/MaximSDK/Libraries/PeriphDrivers/bin/MAX78000/spi-v1_softfp/libPeriphDriver_spi-v1_softfp.a(pins_ai85.o)
                0x1001bad8                gpio_cfg_pcif_P0_BITS_8_9
 .rodata.gpio_cfg_pcif_P1_BITS_10_11
                0x1001bae4        0xc C:/MaximSDK/Libraries/PeriphDrivers/bin/MAX78000/spi-v1_softfp/libPeriphDriver_spi-v1_softfp.a(pins_ai85.o)
                0x1001bae4                gpio_cfg_pcif_P1_BITS_10_11
 .rodata.gpio_cfg_pcif_hsync
                0x1001baf0        0xc C:/MaximSDK/Libraries/PeriphDrivers/bin/MAX78000/spi-v1_softfp/libPeriphDriver_spi-v1_softfp.a(pins_ai85.o)
                0x1001baf0                gpio_cfg_pcif_hsync
 .rodata.gpio_cfg_pcif_vsync
                0x1001bafc        0xc C:/MaximSDK/Libraries/PeriphDrivers/bin/MAX78000/spi-v1_softfp/libPeriphDriver_spi-v1_softfp.a(pins_ai85.o)
                0x1001bafc                gpio_cfg_pcif_vsync
 .rodata.gpio_cfg_pcif_xclk
                0x1001bb08        0xc C:/MaximSDK/Libraries/PeriphDrivers/bin/MAX78000/spi-v1_softfp/libPeriphDriver_spi-v1_softfp.a(pins_ai85.o)
                0x1001bb08                gpio_cfg_pcif_xclk
 .rodata.gpio_cfg_pt0
                0x1001bb14        0xc C:/MaximSDK/Libraries/PeriphDrivers/bin/MAX78000/spi-v1_softfp/libPeriphDriver_spi-v1_softfp.a(pins_ai85.o)
                0x1001bb14                gpio_cfg_pt0
 .rodata.gpio_cfg_pt1
                0x1001bb20        0xc C:/MaximSDK/Libraries/PeriphDrivers/bin/MAX78000/spi-v1_softfp/libPeriphDriver_spi-v1_softfp.a(pins_ai85.o)
                0x1001bb20                gpio_cfg_pt1
 .rodata.gpio_cfg_pt2
                0x1001bb2c        0xc C:/MaximSDK/Libraries/PeriphDrivers/bin/MAX78000/spi-v1_softfp/libPeriphDriver_spi-v1_softfp.a(pins_ai85.o)
                0x1001bb2c                gpio_cfg_pt2
 .rodata.gpio_cfg_pt3
                0x1001bb38        0xc C:/MaximSDK/Libraries/PeriphDrivers/bin/MAX78000/spi-v1_softfp/libPeriphDriver_spi-v1_softfp.a(pins_ai85.o)
                0x1001bb38                gpio_cfg_pt3
 .rodata.gpio_cfg_tmr0
                0x1001bb44        0xc C:/MaximSDK/Libraries/PeriphDrivers/bin/MAX78000/spi-v1_softfp/libPeriphDriver_spi-v1_softfp.a(pins_ai85.o)
                0x1001bb44                gpio_cfg_tmr0
 .rodata.gpio_cfg_tmr0b
                0x1001bb50        0xc C:/MaximSDK/Libraries/PeriphDrivers/bin/MAX78000/spi-v1_softfp/libPeriphDriver_spi-v1_softfp.a(pins_ai85.o)
                0x1001bb50                gpio_cfg_tmr0b
 .rodata.gpio_cfg_tmr1
                0x1001bb5c        0xc C:/MaximSDK/Libraries/PeriphDrivers/bin/MAX78000/spi-v1_softfp/libPeriphDriver_spi-v1_softfp.a(pins_ai85.o)
                0x1001bb5c                gpio_cfg_tmr1
 .rodata.gpio_cfg_tmr1b
                0x1001bb68        0xc C:/MaximSDK/Libraries/PeriphDrivers/bin/MAX78000/spi-v1_softfp/libPeriphDriver_spi-v1_softfp.a(pins_ai85.o)
                0x1001bb68                gpio_cfg_tmr1b
 .rodata.gpio_cfg_tmr2
                0x1001bb74        0xc C:/MaximSDK/Libraries/PeriphDrivers/bin/MAX78000/spi-v1_softfp/libPeriphDriver_spi-v1_softfp.a(pins_ai85.o)
                0x1001bb74                gpio_cfg_tmr2
 .rodata.gpio_cfg_tmr2b
                0x1001bb80        0xc C:/MaximSDK/Libraries/PeriphDrivers/bin/MAX78000/spi-v1_softfp/libPeriphDriver_spi-v1_softfp.a(pins_ai85.o)
                0x1001bb80                gpio_cfg_tmr2b
 .rodata.gpio_cfg_tmr3
                0x1001bb8c        0xc C:/MaximSDK/Libraries/PeriphDrivers/bin/MAX78000/spi-v1_softfp/libPeriphDriver_spi-v1_softfp.a(pins_ai85.o)
                0x1001bb8c                gpio_cfg_tmr3
 .rodata.gpio_cfg_tmr3b
                0x1001bb98        0xc C:/MaximSDK/Libraries/PeriphDrivers/bin/MAX78000/spi-v1_softfp/libPeriphDriver_spi-v1_softfp.a(pins_ai85.o)
                0x1001bb98                gpio_cfg_tmr3b
 .rodata.gpio_cfg_tmr4
                0x1001bba4        0xc C:/MaximSDK/Libraries/PeriphDrivers/bin/MAX78000/spi-v1_softfp/libPeriphDriver_spi-v1_softfp.a(pins_ai85.o)
                0x1001bba4                gpio_cfg_tmr4
 .rodata.gpio_cfg_tmr5
                0x1001bbb0        0xc C:/MaximSDK/Libraries/PeriphDrivers/bin/MAX78000/spi-v1_softfp/libPeriphDriver_spi-v1_softfp.a(pins_ai85.o)
                0x1001bbb0                gpio_cfg_tmr5
 .rodata.gpio_cfg_uart0
                0x1001bbbc        0xc C:/MaximSDK/Libraries/PeriphDrivers/bin/MAX78000/spi-v1_softfp/libPeriphDriver_spi-v1_softfp.a(pins_ai85.o)
                0x1001bbbc                gpio_cfg_uart0
 .rodata.gpio_cfg_uart1
                0x1001bbc8        0xc C:/MaximSDK/Libraries/PeriphDrivers/bin/MAX78000/spi-v1_softfp/libPeriphDriver_spi-v1_softfp.a(pins_ai85.o)
                0x1001bbc8                gpio_cfg_uart1
 .rodata.gpio_cfg_uart2
                0x1001bbd4        0xc C:/MaximSDK/Libraries/PeriphDrivers/bin/MAX78000/spi-v1_softfp/libPeriphDriver_spi-v1_softfp.a(pins_ai85.o)
                0x1001bbd4                gpio_cfg_uart2
 .rodata.gpio_cfg_uart3
                0x1001bbe0        0xc C:/MaximSDK/Libraries/PeriphDrivers/bin/MAX78000/spi-v1_softfp/libPeriphDriver_spi-v1_softfp.a(pins_ai85.o)
                0x1001bbe0                gpio_cfg_uart3
 .rodata.MXC_DMA_RevA_Init.str1.4
                0x1001bbec       0x51 C:/MaximSDK/Libraries/PeriphDrivers/bin/MAX78000/spi-v1_softfp/libPeriphDriver_spi-v1_softfp.a(dma_reva.o)
 *fill*         0x1001bc3d        0x3 
 .rodata.MXC_PT_Init.str1.4
                0x1001bc40       0x55 C:/MaximSDK/Libraries/PeriphDrivers/bin/MAX78000/spi-v1_softfp/libPeriphDriver_spi-v1_softfp.a(pt_ai85.o)
 *fill*         0x1001bc95        0x3 
 .rodata.MXC_PT_RevA_Config.str1.4
                0x1001bc98       0x51 C:/MaximSDK/Libraries/PeriphDrivers/bin/MAX78000/spi-v1_softfp/libPeriphDriver_spi-v1_softfp.a(pt_reva.o)
 *fill*         0x1001bce9        0x3 
 .rodata.MXC_TMR_Init.str1.4
                0x1001bcec       0x50 C:/MaximSDK/Libraries/PeriphDrivers/bin/MAX78000/spi-v1_softfp/libPeriphDriver_spi-v1_softfp.a(tmr_ai85.o)
 .rodata.MXC_TMR_RevB_SetClockSourceFreq.str1.4
                0x1001bd3c       0x43 C:/MaximSDK/Libraries/PeriphDrivers/bin/MAX78000/spi-v1_softfp/libPeriphDriver_spi-v1_softfp.a(tmr_revb.o)
                                 0x50 (size before relaxing)
 *fill*         0x1001bd7f        0x1 
 .rodata.MXC_UART_RevB_Init.str1.4
                0x1001bd80       0x77 C:/MaximSDK/Libraries/PeriphDrivers/bin/MAX78000/spi-v1_softfp/libPeriphDriver_spi-v1_softfp.a(uart_revb.o)
 *fill*         0x1001bdf7        0x1 
 .rodata.MXC_UART_RevB_SetClockSource.str1.4
                0x1001bdf8       0x27 C:/MaximSDK/Libraries/PeriphDrivers/bin/MAX78000/spi-v1_softfp/libPeriphDriver_spi-v1_softfp.a(uart_revb.o)
 *fill*         0x1001be1f        0x1 
 .rodata.MXC_GPIO_Common_Handler.str1.4
                0x1001be20       0x66 C:/MaximSDK/Libraries/PeriphDrivers/bin/MAX78000/spi-v1_softfp/libPeriphDriver_spi-v1_softfp.a(gpio_common.o)
 *fill*         0x1001be86        0x2 
 .rodata._global_impure_ptr
                0x1001be88        0x4 c:/maximsdk/tools/gnutools/10.3/bin/../lib/gcc/arm-none-eabi/10.3.1/../../../../arm-none-eabi/lib/thumb/v7e-m+fp/softfp\libc.a(lib_a-impure.o)
                0x1001be88                _global_impure_ptr
 .rodata._puts_r.str1.4
                0x1001be8c       0x66 c:/maximsdk/tools/gnutools/10.3/bin/../lib/gcc/arm-none-eabi/10.3.1/../../../../arm-none-eabi/lib/thumb/v7e-m+fp/softfp\libc.a(lib_a-puts.o)
                                  0x2 (size before relaxing)
 .rodata._svfprintf_r.str1.4
                0x1001be8c       0x42 c:/maximsdk/tools/gnutools/10.3/bin/../lib/gcc/arm-none-eabi/10.3.1/../../../../arm-none-eabi/lib/thumb/v7e-m+fp/softfp\libc.a(lib_a-svfprintf.o)
 *fill*         0x1001bece        0x2 
 .rodata.blanks.1
                0x1001bed0       0x10 c:/maximsdk/tools/gnutools/10.3/bin/../lib/gcc/arm-none-eabi/10.3.1/../../../../arm-none-eabi/lib/thumb/v7e-m+fp/softfp\libc.a(lib_a-svfprintf.o)
 .rodata.zeroes.0
                0x1001bee0       0x10 c:/maximsdk/tools/gnutools/10.3/bin/../lib/gcc/arm-none-eabi/10.3.1/../../../../arm-none-eabi/lib/thumb/v7e-m+fp/softfp\libc.a(lib_a-svfprintf.o)
 .rodata._vfprintf_r.str1.4
                0x1001bef0       0x42 c:/maximsdk/tools/gnutools/10.3/bin/../lib/gcc/arm-none-eabi/10.3.1/../../../../arm-none-eabi/lib/thumb/v7e-m+fp/softfp\libc.a(lib_a-vfprintf.o)
 .rodata.blanks.1
                0x1001bef0       0x10 c:/maximsdk/tools/gnutools/10.3/bin/../lib/gcc/arm-none-eabi/10.3.1/../../../../arm-none-eabi/lib/thumb/v7e-m+fp/softfp\libc.a(lib_a-vfprintf.o)
 .rodata.zeroes.0
                0x1001bf00       0x10 c:/maximsdk/tools/gnutools/10.3/bin/../lib/gcc/arm-none-eabi/10.3.1/../../../../arm-none-eabi/lib/thumb/v7e-m+fp/softfp\libc.a(lib_a-vfprintf.o)
 .rodata._dtoa_r.str1.4
                0x1001bf10       0xa2 c:/maximsdk/tools/gnutools/10.3/bin/../lib/gcc/arm-none-eabi/10.3.1/../../../../arm-none-eabi/lib/thumb/v7e-m+fp/softfp\libc.a(lib_a-dtoa.o)
                                 0xa6 (size before relaxing)
 *fill*         0x1001bfb2        0x2 
 .rodata.__multadd.str1.4
                0x1001bfb4       0x7f c:/maximsdk/tools/gnutools/10.3/bin/../lib/gcc/arm-none-eabi/10.3.1/../../../../arm-none-eabi/lib/thumb/v7e-m+fp/softfp\libc.a(lib_a-mprec.o)
                                 0x93 (size before relaxing)
 *fill*         0x1001c033        0x5 
 .rodata.__mprec_bigtens
                0x1001c038       0x28 c:/maximsdk/tools/gnutools/10.3/bin/../lib/gcc/arm-none-eabi/10.3.1/../../../../arm-none-eabi/lib/thumb/v7e-m+fp/softfp\libc.a(lib_a-mprec.o)
                0x1001c038                __mprec_bigtens
 .rodata.__mprec_tens
                0x1001c060       0xc8 c:/maximsdk/tools/gnutools/10.3/bin/../lib/gcc/arm-none-eabi/10.3.1/../../../../arm-none-eabi/lib/thumb/v7e-m+fp/softfp\libc.a(lib_a-mprec.o)
                0x1001c060                __mprec_tens
 .rodata.p05.0  0x1001c128        0xc c:/maximsdk/tools/gnutools/10.3/bin/../lib/gcc/arm-none-eabi/10.3.1/../../../../arm-none-eabi/lib/thumb/v7e-m+fp/softfp\libc.a(lib_a-mprec.o)
 .rodata._vfiprintf_r.str1.4
                0x1001c134       0x2f c:/maximsdk/tools/gnutools/10.3/bin/../lib/gcc/arm-none-eabi/10.3.1/../../../../arm-none-eabi/lib/thumb/v7e-m+fp/softfp\libc.a(lib_a-vfiprintf.o)
 .rodata.blanks.1
                0x1001c134       0x10 c:/maximsdk/tools/gnutools/10.3/bin/../lib/gcc/arm-none-eabi/10.3.1/../../../../arm-none-eabi/lib/thumb/v7e-m+fp/softfp\libc.a(lib_a-vfiprintf.o)
 .rodata.zeroes.0
                0x1001c144       0x10 c:/maximsdk/tools/gnutools/10.3/bin/../lib/gcc/arm-none-eabi/10.3.1/../../../../arm-none-eabi/lib/thumb/v7e-m+fp/softfp\libc.a(lib_a-vfiprintf.o)
 .rodata.__assert_func.str1.4
                0x1001c154       0x3f c:/maximsdk/tools/gnutools/10.3/bin/../lib/gcc/arm-none-eabi/10.3.1/../../../../arm-none-eabi/lib/thumb/v7e-m+fp/softfp\libc.a(lib_a-assert.o)
                                 0x43 (size before relaxing)
 *fill*         0x1001c193        0x1 
 .rodata._setlocale_r.str1.4
                0x1001c194        0xa c:/maximsdk/tools/gnutools/10.3/bin/../lib/gcc/arm-none-eabi/10.3.1/../../../../arm-none-eabi/lib/thumb/v7e-m+fp/softfp\libc.a(lib_a-locale.o)
                                  0xd (size before relaxing)
 .rodata.str1.4
                0x1001c19e        0xa c:/maximsdk/tools/gnutools/10.3/bin/../lib/gcc/arm-none-eabi/10.3.1/../../../../arm-none-eabi/lib/thumb/v7e-m+fp/softfp\libc.a(lib_a-locale.o)
                                  0x2 (size before relaxing)
 *fill*         0x1001c19e        0x2 
 .rodata._ctype_
                0x1001c1a0      0x101 c:/maximsdk/tools/gnutools/10.3/bin/../lib/gcc/arm-none-eabi/10.3.1/../../../../arm-none-eabi/lib/thumb/v7e-m+fp/softfp\libc.a(lib_a-ctype_.o)
                0x1001c1a0                _ctype_
 *(.init)
 *fill*         0x1001c2a1        0x3 
 .init          0x1001c2a4        0x4 c:/maximsdk/tools/gnutools/10.3/bin/../lib/gcc/arm-none-eabi/10.3.1/thumb/v7e-m+fp/softfp/crti.o
                0x1001c2a4                _init
 .init          0x1001c2a8        0x8 c:/maximsdk/tools/gnutools/10.3/bin/../lib/gcc/arm-none-eabi/10.3.1/thumb/v7e-m+fp/softfp/crtn.o
 *(.fini)
 .fini          0x1001c2b0        0x4 c:/maximsdk/tools/gnutools/10.3/bin/../lib/gcc/arm-none-eabi/10.3.1/thumb/v7e-m+fp/softfp/crti.o
                0x1001c2b0                _fini
 .fini          0x1001c2b4        0x8 c:/maximsdk/tools/gnutools/10.3/bin/../lib/gcc/arm-none-eabi/10.3.1/thumb/v7e-m+fp/softfp/crtn.o
 *crtbegin.o(.ctors)
 *crtbegin?.o(.ctors)
 *(EXCLUDE_FILE(*crtend.o *crtend?.o) .ctors)
 *(SORT_BY_NAME(.ctors.*))
 *(.ctors)
 *crtbegin.o(.dtors)
 *crtbegin?.o(.dtors)
 *(EXCLUDE_FILE(*crtend.o *crtend?.o) .dtors)
 *(SORT_BY_NAME(.dtors.*))
 *(.dtors)
 *(.eh_frame*)
 .eh_frame      0x1001c2bc        0x0 c:/maximsdk/tools/gnutools/10.3/bin/../lib/gcc/arm-none-eabi/10.3.1/thumb/v7e-m+fp/softfp/crtbegin.o
 .eh_frame      0x1001c2bc        0x4 c:/maximsdk/tools/gnutools/10.3/bin/../lib/gcc/arm-none-eabi/10.3.1/thumb/v7e-m+fp/softfp/crtend.o
                0x1001c2c0                _etext = .

.glue_7         0x1001c2c0        0x0
 .glue_7        0x1001c2c0        0x0 linker stubs

.glue_7t        0x1001c2c0        0x0
 .glue_7t       0x1001c2c0        0x0 linker stubs

.vfp11_veneer   0x1001c2c0        0x0